Component: ARM Compiler 5.06 update 6 (build 750) Tool: armlink [4d35ed]

==============================================================================

Section Cross References

    main.o(.text) refers to _printf_percent.o(.ARM.Collect$$_printf_percent$$00000000) for _printf_percent
    main.o(.text) refers to _printf_d.o(.ARM.Collect$$_printf_percent$$00000009) for _printf_d
    main.o(.text) refers to _printf_f.o(.ARM.Collect$$_printf_percent$$00000003) for _printf_f
    main.o(.text) refers to _printf_dec.o(.text) for _printf_int_dec
    main.o(.text) refers to printf1.o(x$fpl$printf1) for _printf_fp_dec
    main.o(.text) refers to misc.o(.text) for NVIC_PriorityGroupConfig
    main.o(.text) refers to delay.o(.text) for delay_init
    main.o(.text) refers to usart.o(.text) for uart_init
    main.o(.text) refers to led.o(.text) for LED_Init
    main.o(.text) refers to lcd.o(.text) for LCD_Init
    main.o(.text) refers to key.o(.text) for KEY_Init
    main.o(.text) refers to adc.o(.text) for Adc_Init
    main.o(.text) refers to dac.o(.text) for Dac1_Init
    main.o(.text) refers to stm32f10x_dac.o(.text) for DAC_SetChannel1Data
    main.o(.text) refers to fflt_clz.o(x$fpl$ffltu) for __aeabi_ui2f
    main.o(.text) refers to f2d.o(x$fpl$f2d) for __aeabi_f2d
    main.o(.text) refers to dmul.o(x$fpl$dmul) for __aeabi_dmul
    main.o(.text) refers to d2f.o(x$fpl$d2f) for __aeabi_d2f
    main.o(.text) refers to ffixu.o(x$fpl$ffixu) for __aeabi_f2uiz
    main.o(.text) refers to faddsub_clz.o(x$fpl$frsb) for __aeabi_frsub
    main.o(.text) refers to fmul.o(x$fpl$fmul) for __aeabi_fmul
    main.o(.text) refers to fdiv.o(x$fpl$fdiv) for __aeabi_fdiv
    main.o(.text) refers to faddsub_clz.o(x$fpl$fsub) for __aeabi_fsub
    main.o(.text) refers to pow.o(i.pow) for pow
    main.o(.text) refers to ddiv.o(x$fpl$ddiv) for __aeabi_ddiv
    main.o(.text) refers to dfix.o(x$fpl$dfix) for __aeabi_d2iz
    main.o(.text) refers to noretval__2printf.o(.text) for __2printf
    main.o(.text) refers to dflt_clz.o(x$fpl$dflt) for __aeabi_i2d
    main.o(.text) refers to daddsub_clz.o(x$fpl$drsb) for __aeabi_drsub
    main.o(.text) refers to dfixu.o(x$fpl$dfixu) for __aeabi_d2uiz
    main.o(.text) refers to dflt_clz.o(x$fpl$dfltu) for __aeabi_ui2d
    main.o(.text) refers to main.o(.constdata) for .constdata
    main.o(.text) refers to lcd.o(.data) for POINT_COLOR
    system_stm32f10x.o(.text) refers to system_stm32f10x.o(.data) for SystemCoreClock
    led.o(.text) refers to stm32f10x_rcc.o(.text) for RCC_APB2PeriphClockCmd
    led.o(.text) refers to stm32f10x_gpio.o(.text) for GPIO_Init
    lcd.o(.text) refers to _printf_percent.o(.ARM.Collect$$_printf_percent$$00000000) for _printf_percent
    lcd.o(.text) refers to _printf_x.o(.ARM.Collect$$_printf_percent$$0000000C) for _printf_x
    lcd.o(.text) refers to _printf_hex_int.o(.text) for _printf_longlong_hex
    lcd.o(.text) refers to delay.o(.text) for delay_us
    lcd.o(.text) refers to lcd.o(.bss) for lcddev
    lcd.o(.text) refers to dflt_clz.o(x$fpl$dfltu) for __aeabi_ui2d
    lcd.o(.text) refers to dmul.o(x$fpl$dmul) for __aeabi_dmul
    lcd.o(.text) refers to dfixu.o(x$fpl$dfixu) for __aeabi_d2uiz
    lcd.o(.text) refers to lcd.o(.data) for POINT_COLOR
    lcd.o(.text) refers to stm32f10x_rcc.o(.text) for RCC_APB2PeriphClockCmd
    lcd.o(.text) refers to stm32f10x_gpio.o(.text) for GPIO_PinRemapConfig
    lcd.o(.text) refers to noretval__2printf.o(.text) for __2printf
    lcd.o(.text) refers to lcd.o(.constdata) for asc2_1206
    adc.o(.text) refers to stm32f10x_rcc.o(.text) for RCC_APB2PeriphClockCmd
    adc.o(.text) refers to stm32f10x_gpio.o(.text) for GPIO_Init
    adc.o(.text) refers to stm32f10x_adc.o(.text) for ADC_DeInit
    adc.o(.text) refers to delay.o(.text) for delay_ms
    key.o(.text) refers to stm32f10x_rcc.o(.text) for RCC_APB2PeriphClockCmd
    key.o(.text) refers to stm32f10x_gpio.o(.text) for GPIO_PinRemapConfig
    key.o(.text) refers to delay.o(.text) for delay_ms
    key.o(.text) refers to key.o(.data) for key_up
    dac.o(.text) refers to stm32f10x_rcc.o(.text) for RCC_APB2PeriphClockCmd
    dac.o(.text) refers to stm32f10x_gpio.o(.text) for GPIO_Init
    dac.o(.text) refers to stm32f10x_dac.o(.text) for DAC_Init
    dac.o(.text) refers to fflt_clz.o(x$fpl$ffltu) for __aeabi_ui2f
    dac.o(.text) refers to fdiv.o(x$fpl$fdiv) for __aeabi_fdiv
    dac.o(.text) refers to fmul.o(x$fpl$fmul) for __aeabi_fmul
    dac.o(.text) refers to f2d.o(x$fpl$f2d) for __aeabi_f2d
    dac.o(.text) refers to ddiv.o(x$fpl$ddiv) for __aeabi_ddiv
    dac.o(.text) refers to d2f.o(x$fpl$d2f) for __aeabi_d2f
    dac.o(.text) refers to ffixu.o(x$fpl$ffixu) for __aeabi_f2uiz
    delay.o(.text) refers to misc.o(.text) for SysTick_CLKSourceConfig
    delay.o(.text) refers to system_stm32f10x.o(.data) for SystemCoreClock
    delay.o(.text) refers to delay.o(.data) for fac_us
    usart.o(.text) refers (Special) to use_no_semi_2.o(.text) for __use_no_semihosting
[...]
    .ARM.Collect$$libinit$$00000004          0x080001bc   Section        0  libinit2.o(.ARM.Collect$$libinit$$00000004)
    .ARM.Collect$$libinit$$0000000A          0x080001bc   Section        0  libinit2.o(.ARM.Collect$$libinit$$0000000A)
    .ARM.Collect$$libinit$$0000000C          0x080001bc   Section        0  libinit2.o(.ARM.Collect$$libinit$$0000000C)
    .ARM.Collect$$libinit$$0000000E          0x080001bc   Section        0  libinit2.o(.ARM.Collect$$libinit$$0000000E)
    .ARM.Collect$$libinit$$0000000F          0x080001bc   Section        6  libinit2.o(.ARM.Collect$$libinit$$0000000F)
    .ARM.Collect$$libinit$$00000011          0x080001c2   Section        0  libinit2.o(.ARM.Collect$$libinit$$00000011)
    .ARM.Collect$$libinit$$00000013          0x080001c2   Section        0  libinit2.o(.ARM.Collect$$libinit$$00000013)
    .ARM.Collect$$libinit$$00000015          0x080001c2   Section        0  libinit2.o(.ARM.Collect$$libinit$$00000015)
    .ARM.Collect$$libinit$$00000016          0x080001c2   Section       10  libinit2.o(.ARM.Collect$$libinit$$00000016)
    .ARM.Collect$$libinit$$00000017          0x080001cc   Section        0  libinit2.o(.ARM.Collect$$libinit$$00000017)
    .ARM.Collect$$libinit$$00000019          0x080001cc   Section        0  libinit2.o(.ARM.Collect$$libinit$$00000019)
    .ARM.Collect$$libinit$$0000001B          0x080001cc   Section        0  libinit2.o(.ARM.Collect$$libinit$$0000001B)
    .ARM.Collect$$libinit$$0000001D          0x080001cc   Section        0  libinit2.o(.ARM.Collect$$libinit$$0000001D)
    .ARM.Collect$$libinit$$0000001F          0x080001cc   Section        0  libinit2.o(.ARM.Collect$$libinit$$0000001F)
    .ARM.Collect$$libinit$$00000021          0x080001cc   Section        0  libinit2.o(.ARM.Collect$$libinit$$00000021)
    .ARM.Collect$$libinit$$00000023          0x080001cc   Section        0  libinit2.o(.ARM.Collect$$libinit$$00000023)
    .ARM.Collect$$libinit$$00000025          0x080001cc   Section        0  libinit2.o(.ARM.Collect$$libinit$$00000025)
    .ARM.Collect$$libinit$$0000002C          0x080001cc   Section        0  libinit2.o(.ARM.Collect$$libinit$$0000002C)
    .ARM.Collect$$libinit$$0000002E          0x080001cc   Section        0  libinit2.o(.ARM.Collect$$libinit$$0000002E)
    .ARM.Collect$$libinit$$00000030          0x080001cc   Section        0  libinit2.o(.ARM.Collect$$libinit$$00000030)
    .ARM.Collect$$libinit$$00000032          0x080001cc   Section        0  libinit2.o(.ARM.Collect$$libinit$$00000032)
    .ARM.Collect$$libinit$$00000033          0x080001cc   Section        2  libinit2.o(.ARM.Collect$$libinit$$00000033)
    .ARM.Collect$$libshutdown$$00000000      0x080001ce   Section        2  libshutdown.o(.ARM.Collect$$libshutdown$$00000000)
    .ARM.Collect$$libshutdown$$00000002      0x080001d0   Section        0  libshutdown2.o(.ARM.Collect$$libshutdown$$00000002)
    .ARM.Collect$$libshutdown$$00000004      0x080001d0   Section        0  libshutdown2.o(.ARM.Collect$$libshutdown$$00000004)
    .ARM.Collect$$libshutdown$$00000007      0x080001d0   Section        0  libshutdown2.o(.ARM.Collect$$libshutdown$$00000007)
    .ARM.Collect$$libshutdown$$0000000A      0x080001d0   Section        0  libshutdown2.o(.ARM.Collect$$libshutdown$$0000000A)
    .ARM.Collect$$libshutdown$$0000000C      0x080001d0   Section        0  libshutdown2.o(.ARM.Collect$$libshutdown$$0000000C)
    .ARM.Collect$$libshutdown$$0000000F      0x080001d0   Section        0  libshutdown2.o(.ARM.Collect$$libshutdown$$0000000F)
    .ARM.Collect$$libshutdown$$00000010      0x080001d0   Section        2  libshutdown2.o(.ARM.Collect$$libshutdown$$00000010)
    .ARM.Collect$$rtentry$$00000000          0x080001d2   Section        0  __rtentry.o(.ARM.Collect$$rtentry$$00000000)
    .ARM.Collect$$rtentry$$00000002          0x080001d2   Section        0  __rtentry2.o(.ARM.Collect$$rtentry$$00000002)
    .ARM.Collect$$rtentry$$00000004          0x080001d2   Section        6  __rtentry4.o(.ARM.Collect$$rtentry$$00000004)
    .ARM.Collect$$rtentry$$00000009          0x080001d8   Section        0  __rtentry2.o(.ARM.Collect$$rtentry$$00000009)
    .ARM.Collect$$rtentry$$0000000A          0x080001d8   Section        4  __rtentry2.o(.ARM.Collect$$rtentry$$0000000A)
    .ARM.Collect$$rtentry$$0000000C          0x080001dc   Section        0  __rtentry2.o(.ARM.Collect$$rtentry$$0000000C)
    .ARM.Collect$$rtentry$$0000000D          0x080001dc   Section        8  __rtentry2.o(.ARM.Collect$$rtentry$$0000000D)
    .ARM.Collect$$rtexit$$00000000           0x080001e4   Section        2  rtexit.o(.ARM.Collect$$rtexit$$00000000)
    .ARM.Collect$$rtexit$$00000002           0x080001e6   Section        0  rtexit2.o(.ARM.Collect$$rtexit$$00000002)
    .ARM.Collect$$rtexit$$00000003           0x080001e6   Section        4  rtexit2.o(.ARM.Collect$$rtexit$$00000003)
    .ARM.Collect$$rtexit$$00000004           0x080001ea   Section        6  rtexit2.o(.ARM.Collect$$rtexit$$00000004)
    .text                                    0x080001f0   Section        0  main.o(.text)
    .text                                    0x08000734   Section        0  stm32f10x_it.o(.text)
    .text                                    0x08000750   Section        0  system_stm32f10x.o(.text)
    SetSysClockTo72                          0x08000751   Thumb Code   214  system_stm32f10x.o(.text)
    SetSysClock                              0x08000827   Thumb Code     8  system_stm32f10x.o(.text)
    .text                                    0x08000930   Section        0  led.o(.text)
    .text                                    0x08000980   Section        0  lcd.o(.text)
    .text                                    0x080061c8   Section        0  adc.o(.text)
    .text                                    0x080062b0   Section        0  key.o(.text)
    .text                                    0x080063ac   Section        0  dac.o(.text)
    .text                                    0x08006468   Section        0  delay.o(.text)
    .text                                    0x0800653c   Section        0  usart.o(.text)
    .text                                    0x0800667c   Section       64  startup_stm32f10x_hd.o(.text)
    .text                                    0x080066bc   Section        0  stm32f10x_gpio.o(.text)
    .text                                    0x08006a18   Section        0  stm32f10x_rcc.o(.text)
    .text                                    0x08006dbc   Section        0  stm32f10x_usart.o(.text)
    .text                                    0x080071c4   Section        0  misc.o(.text)
    .text                                    0x080072a0   Section        0  stm32f10x_adc.o(.text)
    .text                                    0x080076f0   Section        0  stm32f10x_dac.o(.text)
    .text                                    0x0800787c   Section        2  use_no_semi_2.o(.text)
    .text                                    0x08007880   Section        0  noretval__2printf.o(.text)
    .text                                    0x08007898   Section        0  _printf_dec.o(.text)
    .text                                    0x08007910   Section        0  _printf_hex_int.o(.text)
    .text                                    0x08007968   Section        0  __printf_ss.o(.text)
    .text                                    0x08007a20   Section        0  heapauxi.o(.text)
    .text                                    0x08007a26   Section        2  use_no_semi.o(.text)
    .text                                    0x08007a28   Section        0  _rserrno.o(.text)
    .text                                    0x08007a3e   Section        0  _printf_intcommon.o(.text)
    .text                                    0x08007af0   Section        0  _printf_fp_dec.o(.text)
    _fp_digits                               0x08007af3   Thumb Code   432  _printf_fp_dec.o(.text)
    .text                                    0x08007f10   Section        0  _printf_char_file.o(.text)
    .text                                    0x08007f34   Section        8  rt_locale_intlibspace.o(.text)
    .text                                    0x08007f3c   Section        8  rt_errno_addr_intlibspace.o(.text)
    .text                                    0x08007f44   Section      138  lludiv10.o(.text)
    .text                                    0x08007fd0   Section        0  _printf_char_common.o(.text)
    _printf_input_char                       0x08007fd1   Thumb Code    10  _printf_char_common.o(.text)
    .text                                    0x08008000   Section        0  _printf_fp_infnan.o(.text)
    .text                                    0x08008080   Section        0  bigflt0.o(.text)
    .text                                    0x08008164   Section        0  ferror.o(.text)
    .text                                    0x0800816c   Section        8  libspace.o(.text)
    .text                                    0x08008174   Section       74  sys_stackheap_outer.o(.text)
    .text                                    0x080081be   Section        0  exit.o(.text)
    .text                                    0x080081d0   Section      128  strcmpv7m.o(.text)
    CL$$btod_d2e                             0x08008250   Section       62  btod.o(CL$$btod_d2e)
    CL$$btod_d2e_denorm_low                  0x0800828e   Section       70  btod.o(CL$$btod_d2e_denorm_low)
    CL$$btod_d2e_norm_op1                    0x080082d4   Section       96  btod.o(CL$$btod_d2e_norm_op1)
    CL$$btod_div_common                      0x08008334   Section      824  btod.o(CL$$btod_div_common)
    CL$$btod_e2e                             0x0800866c   Section      220  btod.o(CL$$btod_e2e)
    CL$$btod_ediv                            0x08008748   Section       42  btod.o(CL$$btod_ediv)
    CL$$btod_emul                            0x08008772   Section       42  btod.o(CL$$btod_emul)
    CL$$btod_mult_common                     0x0800879c   Section      580  btod.o(CL$$btod_mult_common)
    i.__ARM_fpclassify                       0x080089e0   Section        0  fpclassify.o(i.__ARM_fpclassify)
    i.__kernel_poly                          0x08008a08   Section        0  poly.o(i.__kernel_poly)
    i.__mathlib_dbl_divzero                  0x08008ab4   Section        0  dunder.o(i.__mathlib_dbl_divzero)
    i.__mathlib_dbl_infnan2                  0x08008ac4   Section        0  dunder.o(i.__mathlib_dbl_infnan2)
    i.__mathlib_dbl_invalid                  0x08008ac8   Section        0  dunder.o(i.__mathlib_dbl_invalid)
    i.__mathlib_dbl_overflow                 0x08008ad4   Section        0  dunder.o(i.__mathlib_dbl_overflow)
    i.__mathlib_dbl_underflow                0x08008ae4   Section        0  dunder.o(i.__mathlib_dbl_underflow)
    i.pow                                    0x08008af4   Section        0  pow.o(i.pow)
    i.sqrt                                   0x080094cc   Section        0  sqrt.o(i.sqrt)
    locale$$code                             0x08009518   Section       44  lc_numeric_c.o(locale$$code)
    x$fpl$d2f                                0x08009544   Section       98  d2f.o(x$fpl$d2f)
    x$fpl$dadd                               0x080095a8   Section      336  daddsub_clz.o(x$fpl$dadd)
    _dadd1                                   0x080095b9   Thumb Code     0  daddsub_clz.o(x$fpl$dadd)
    x$fpl$dcheck1                            0x080096f8   Section       16  dcheck1.o(x$fpl$dcheck1)
    x$fpl$dcmpinf                            0x08009708   Section       24  dcmpi.o(x$fpl$dcmpinf)
    x$fpl$ddiv                               0x08009720   Section      688  ddiv.o(x$fpl$ddiv)
    ddiv_entry                               0x08009727   Thumb Code     0  ddiv.o(x$fpl$ddiv)
    x$fpl$dfix                               0x080099d0   Section       94  dfix.o(x$fpl$dfix)
    x$fpl$dfixu                              0x08009a30   Section       90  dfixu.o(x$fpl$dfixu)
    x$fpl$dflt                               0x08009a8a   Section       46  dflt_clz.o(x$fpl$dflt)
    x$fpl$dfltu                              0x08009ab8   Section       38  dflt_clz.o(x$fpl$dfltu)
    x$fpl$dleqf                              0x08009ae0   Section      120  dleqf.o(x$fpl$dleqf)
    x$fpl$dmul                               0x08009b58   Section      340  dmul.o(x$fpl$dmul)
    x$fpl$dnaninf                            0x08009cac   Section      156  dnaninf.o(x$fpl$dnaninf)
    x$fpl$dretinf                            0x08009d48   Section       12  dretinf.o(x$fpl$dretinf)
    x$fpl$drleqf                             0x08009d54   Section      108  drleqf.o(x$fpl$drleqf)
    x$fpl$drsb                               0x08009dc0   Section       22  daddsub_clz.o(x$fpl$drsb)
    x$fpl$dsqrt                              0x08009dd8   Section      460  dsqrt_noumaal.o(x$fpl$dsqrt)
    x$fpl$dsub                               0x08009fa4   Section      468  daddsub_clz.o(x$fpl$dsub)
    _dsub1                                   0x08009fb5   Thumb Code     0  daddsub_clz.o(x$fpl$dsub)
    x$fpl$f2d                                0x0800a178   Section       86  f2d.o(x$fpl$f2d)
    x$fpl$fadd                               0x0800a1d0   Section      196  faddsub_clz.o(x$fpl$fadd)
    _fadd1                                   0x0800a1df   Thumb Code     0  faddsub_clz.o(x$fpl$fadd)
    x$fpl$fdiv                               0x0800a294   Section      388  fdiv.o(x$fpl$fdiv)
    _fdiv1                                   0x0800a295   Thumb Code     0  fdiv.o(x$fpl$fdiv)
    x$fpl$ffixu                              0x0800a418   Section       62  ffixu.o(x$fpl$ffixu)
    x$fpl$ffltu                              0x0800a458   Section       38  fflt_clz.o(x$fpl$ffltu)
    x$fpl$fmul                               0x0800a480   Section      258  fmul.o(x$fpl$fmul)
    x$fpl$fnaninf                            0x0800a582   Section      140  fnaninf.o(x$fpl$fnaninf)
    x$fpl$fretinf                            0x0800a60e   Section       10  fretinf.o(x$fpl$fretinf)
    x$fpl$frsb                               0x0800a618   Section       20  faddsub_clz.o(x$fpl$frsb)
    x$fpl$fsub                               0x0800a62c   Section      234  faddsub_clz.o(x$fpl$fsub)
    _fsub1                                   0x0800a63b   Thumb Code     0  faddsub_clz.o(x$fpl$fsub)
    x$fpl$printf1                            0x0800a716   Section        4  printf1.o(x$fpl$printf1)
    x$fpl$retnan                             0x0800a71a   Section      100  retnan.o(x$fpl$retnan)
    x$fpl$scalbn                             0x0800a77e   Section       92  scalbn.o(x$fpl$scalbn)
    x$fpl$trapveneer                         0x0800a7da   Section       48  trapv.o(x$fpl$trapveneer)
    x$fpl$usenofp                            0x0800a80a   Section        0  usenofp.o(x$fpl$usenofp)
    .constdata                               0x0800a80c   Section       16  main.o(.constdata)
    .constdata                               0x0800a81c   Section     6080  lcd.o(.constdata)
    .constdata                               0x0800bfdc   Section       40  _printf_hex_int.o(.constdata)
    uc_hextab                                0x0800bfdc   Data          20  _printf_hex_int.o(.constdata)
    lc_hextab                                0x0800bff0   Data          20  _printf_hex_int.o(.constdata)
    .constdata                               0x0800c008   Section      136  pow.o(.constdata)
    bp                                       0x0800c008   Data          16  pow.o(.constdata)
    dp_h                                     0x0800c018   Data          16  pow.o(.constdata)
    dp_l                                     0x0800c028   Data          16  pow.o(.constdata)
    L                                        0x0800c038   Data          48  pow.o(.constdata)
    P                                        0x0800c068   Data          40  pow.o(.constdata)
    .constdata                               0x0800c090   Section        8  qnan.o(.constdata)
    .constdata                               0x0800c098   Section      148  bigflt0.o(.constdata)
    tenpwrs_x                                0x0800c098   Data          60  bigflt0.o(.constdata)
    tenpwrs_i                                0x0800c0d4   Data          64  bigflt0.o(.constdata)
    locale$$data                             0x0800c14c   Section       28  lc_numeric_c.o(locale$$data)
    __lcnum_c_name                           0x0800c150   Data           2  lc_numeric_c.o(locale$$data)
    __lcnum_c_start                          0x0800c158   Data           0  lc_numeric_c.o(locale$$data)
    __lcnum_c_point                          0x0800c164   Data           0  lc_numeric_c.o(locale$$data)
    __lcnum_c_thousands                      0x0800c166   Data           0  lc_numeric_c.o(locale$$data)
    __lcnum_c_grouping                       0x0800c167   Data           0  lc_numeric_c.o(locale$$data)
    __lcnum_c_end                            0x0800c168   Data           0  lc_numeric_c.o(locale$$data)
    .data                                    0x20000000   Section       20  system_stm32f10x.o(.data)
    .data                                    0x20000014   Section        4  lcd.o(.data)
    .data                                    0x20000018   Section        1  key.o(.data)
    key_up                                   0x20000018   Data           1  key.o(.data)
    .data                                    0x2000001a   Section        4  delay.o(.data)
    fac_us                                   0x2000001a   Data           1  delay.o(.data)
    fac_ms                                   0x2000001c   Data           2  delay.o(.data)
    .data                                    0x20000020   Section        6  usart.o(.data)
    .data                                    0x20000026   Section       20  stm32f10x_rcc.o(.data)
    APBAHBPrescTable                         0x20000026   Data          16  stm32f10x_rcc.o(.data)
    ADCPrescTable                            0x20000036   Data           4  stm32f10x_rcc.o(.data)
    .bss                                     0x2000003c   Section       14  lcd.o(.bss)
    .bss                                     0x2000004a   Section      200  usart.o(.bss)
    .bss                                     0x20000114   Section       96  libspace.o(.bss)
    HEAP                                     0x20000178   Section      512  startup_stm32f10x_hd.o(HEAP)
    Heap_Mem                                 0x20000178   Data         512  startup_stm32f10x_hd.o(HEAP)
    STACK                                    0x20000378   Section     1024  startup_stm32f10x_hd.o(STACK)
    Stack_Mem                                0x20000378   Data        1024  startup_stm32f10x_hd.o(STACK)
    __initial_sp                             0x20000778   Data           0  startup_stm32f10x_hd.o(STACK)

    Global Symbols

    Symbol Name                              Value     Ov Type        Size  Object(Section)

    BuildAttributes$$THM_ISAv4$P$D$K$B$S$PE$A:L22UL41UL21$X:L11$S22US41US21$IEEE1$IW$USESV6$~STKCKD$USESV7$~SHL$OTIME$ROPI$IEEEX$EBA8$UX$STANDARDLIB$REQ8$PRES8$EABIv2 0x00000000   Number         0  anon$$obj.o ABSOLUTE
    __ARM_use_no_argv                        0x00000000   Number         0  main.o ABSOLUTE
    _printf_flags                            0x00000000   Number         0  printf_stubs.o ABSOLUTE
    _printf_return_value                     0x00000000   Number         0  printf_stubs.o ABSOLUTE
    _printf_sizespec                         0x00000000   Number         0  printf_stubs.o ABSOLUTE
    _printf_widthprec                        0x00000000   Number         0  printf_stubs.o ABSOLUTE
    __ARM_exceptions_init                     - Undefined Weak Reference
    __alloca_initialize                       - Undefined Weak Reference
    __arm_preinit_                            - Undefined Weak Reference
    __cpp_initialize__aeabi_                  - Undefined Weak Reference
    __cxa_finalize                            - Undefined Weak Reference
    __sigvec_lookup                           - Undefined Weak Reference
    _atexit_init                              - Undefined Weak Reference
    _call_atexit_fns                          - Undefined Weak Reference
    _clock_init                               - Undefined Weak Reference
    _fp_trap_init                             - Undefined Weak Reference
    _fp_trap_shutdown                         - Undefined Weak Reference
    _get_lc_collate                           - Undefined Weak Reference
    _get_lc_ctype                             - Undefined Weak Reference
    _get_lc_monetary                          - Undefined Weak Reference
    _get_lc_time                              - Undefined Weak Reference
    _getenv_init                              - Undefined Weak Reference
    _handle_redirection                       - Undefined Weak Reference
    _init_alloc                               - Undefined Weak Reference
    _init_user_alloc                          - Undefined Weak Reference
    _initio                                   - Undefined Weak Reference
    _mutex_acquire                            - Undefined Weak Reference
    _mutex_release                            - Undefined Weak Reference
    _printf_post_padding                      - Undefined Weak Reference
    _printf_pre_padding                       - Undefined Weak Reference
    _printf_truncate_signed                   - Undefined Weak Reference
    _printf_truncate_unsigned                 - Undefined Weak Reference
    _rand_init                                - Undefined Weak Reference
    _signal_finish                            - Undefined Weak Reference
    _signal_init                              - Undefined Weak Reference
    _terminate_alloc                          - Undefined Weak Reference
    _terminate_user_alloc                     - Undefined Weak Reference
    _terminateio                              - Undefined Weak Reference
    __Vectors_Size                           0x00000130   Number         0  startup_stm32f10x_hd.o ABSOLUTE
    __Vectors                                0x08000000   Data           4  startup_stm32f10x_hd.o(RESET)
    __Vectors_End                            0x08000130   Data           0  startup_stm32f10x_hd.o(RESET)
    __main                                   0x08000131   Thumb Code     8  __main.o(!!!main)
    __scatterload                            0x08000139   Thumb Code     0  __scatter.o(!!!scatter)
    __scatterload_rt2                        0x08000139   Thumb Code    44  __scatter.o(!!!scatter)
    __scatterload_rt2_thumb_only             0x08000139   Thumb Code     0  __scatter.o(!!!scatter)
    __scatterload_null                       0x08000147   Thumb Code     0  __scatter.o(!!!scatter)
    __scatterload_copy                       0x0800016d   Thumb Code    26  __scatter_copy.o(!!handler_copy)
    __scatterload_zeroinit                   0x08000189   Thumb Code    28  __scatter_zi.o(!!handler_zi)
    _printf_f                                0x080001a5   Thumb Code     0  _printf_f.o(.ARM.Collect$$_printf_percent$$00000003)
    _printf_percent                          0x080001a5   Thumb Code     0  _printf_percent.o(.ARM.Collect$$_printf_percent$$00000000)
    _printf_d                                0x080001ab   Thumb Code     0  _printf_d.o(.ARM.Collect$$_printf_percent$$00000009)
    _printf_x                                0x080001b1   Thumb Code     0  _printf_x.o(.ARM.Collect$$_printf_percent$$0000000C)
    _printf_percent_end                      0x080001b7   Thumb Code     0  _printf_percent_end.o(.ARM.Collect$$_printf_percent$$00000017)
    __rt_lib_init                            0x080001bb   Thumb Code     0  libinit.o(.ARM.Collect$$libinit$$00000000)
    __rt_lib_init_fp_1                       0x080001bd   Thumb Code     0  libinit2.o(.ARM.Collect$$libinit$$00000002)
    __rt_lib_init_heap_1                     0x080001bd   Thumb Code     0  libinit2.o(.ARM.Collect$$libinit$$0000000A)
    __rt_lib_init_lc_common                  0x080001bd   Thumb Code     0  libinit2.o(.ARM.Collect$$libinit$$0000000F)
    __rt_lib_init_preinit_1                  0x080001bd   Thumb Code     0  libinit2.o(.ARM.Collect$$libinit$$00000004)
    __rt_lib_init_rand_1                     0x080001bd   Thumb Code     0  libinit2.o(.ARM.Collect$$libinit$$0000000E)
    __rt_lib_init_user_alloc_1               0x080001bd   Thumb Code     0  libinit2.o(.ARM.Collect$$libinit$$0000000C)
    __rt_lib_init_lc_collate_1               0x080001c3   Thumb Code     0  libinit2.o(.ARM.Collect$$libinit$$00000011)
    __rt_lib_init_lc_ctype_1                 0x080001c3   Thumb Code     0  libinit2.o(.ARM.Collect$$libinit$$00000013)
    __rt_lib_init_lc_monetary_1              0x080001c3   Thumb Code     0  libinit2.o(.ARM.Collect$$libinit$$00000015)
    __rt_lib_init_lc_numeric_2               0x080001c3   Thumb Code     0  libinit2.o(.ARM.Collect$$libinit$$00000016)
    __rt_lib_init_alloca_1                   0x080001cd   Thumb Code     0  libinit2.o(.ARM.Collect$$libinit$$0000002E)
    __rt_lib_init_argv_1                     0x080001cd   Thumb Code     0  libinit2.o(.ARM.Collect$$libinit$$0000002C)
    __rt_lib_init_atexit_1                   0x080001cd   Thumb Code     0  libinit2.o(.ARM.Collect$$libinit$$0000001B)
    __rt_lib_init_clock_1                    0x080001cd   Thumb Code     0  libinit2.o(.ARM.Collect$$libinit$$00000021)
    __rt_lib_init_cpp_1                      0x080001cd   Thumb Code     0  libinit2.o(.ARM.Collect$$libinit$$00000032)
    __rt_lib_init_exceptions_1               0x080001cd   Thumb Code     0  libinit2.o(.ARM.Collect$$libinit$$00000030)
    __rt_lib_init_fp_trap_1                  0x080001cd   Thumb Code     0  libinit2.o(.ARM.Collect$$libinit$$0000001F)
    __rt_lib_init_getenv_1                   0x080001cd   Thumb Code     0  libinit2.o(.ARM.Collect$$libinit$$00000023)
    __rt_lib_init_lc_numeric_1               0x080001cd   Thumb Code     0  libinit2.o(.ARM.Collect$$libinit$$00000017)
    __rt_lib_init_lc_time_1                  0x080001cd   Thumb Code     0  libinit2.o(.ARM.Collect$$libinit$$00000019)
    __rt_lib_init_return                     0x080001cd   Thumb Code     0  libinit2.o(.ARM.Collect$$libinit$$00000033)
    __rt_lib_init_signal_1                   0x080001cd   Thumb Code     0  libinit2.o(.ARM.Collect$$libinit$$0000001D)
    __rt_lib_init_stdio_1                    0x080001cd   Thumb Code     0  libinit2.o(.ARM.Collect$$libinit$$00000025)
    __rt_lib_shutdown                        0x080001cf   Thumb Code     0  libshutdown.o(.ARM.Collect$$libshutdown$$00000000)
    __rt_lib_shutdown_cpp_1                  0x080001d1   Thumb Code     0  libshutdown2.o(.ARM.Collect$$libshutdown$$00000002)
    __rt_lib_shutdown_fp_trap_1              0x080001d1   Thumb Code     0  libshutdown2.o(.ARM.Collect$$libshutdown$$00000007)
    __rt_lib_shutdown_heap_1                 0x080001d1   Thumb Code     0  libshutdown2.o(.ARM.Collect$$libshutdown$$0000000F)
    __rt_lib_shutdown_return                 0x080001d1   Thumb Code     0  libshutdown2.o(.ARM.Collect$$libshutdown$$00000010)
    __rt_lib_shutdown_signal_1               0x080001d1   Thumb Code     0  libshutdown2.o(.ARM.Collect$$libshutdown$$0000000A)
    __rt_lib_shutdown_stdio_1                0x080001d1   Thumb Code     0  libshutdown2.o(.ARM.Collect$$libshutdown$$00000004)
    __rt_lib_shutdown_user_alloc_1           0x080001d1   Thumb Code     0  libshutdown2.o(.ARM.Collect$$libshutdown$$0000000C)
    __rt_entry                               0x080001d3   Thumb Code     0  __rtentry.o(.ARM.Collect$$rtentry$$00000000)
    __rt_entry_presh_1                       0x080001d3   Thumb Code     0  __rtentry2.o(.ARM.Collect$$rtentry$$00000002)
    __rt_entry_sh                            0x080001d3   Thumb Code     0  __rtentry4.o(.ARM.Collect$$rtentry$$00000004)
    __rt_entry_li                            0x080001d9   Thumb Code     0  __rtentry2.o(.ARM.Collect$$rtentry$$0000000A)
    __rt_entry_postsh_1                      0x080001d9   Thumb Code     0  __rtentry2.o(.ARM.Collect$$rtentry$$00000009)
    __rt_entry_main                          0x080001dd   Thumb Code     0  __rtentry2.o(.ARM.Collect$$rtentry$$0000000D)
    __rt_entry_postli_1                      0x080001dd   Thumb Code     0  __rtentry2.o(.ARM.Collect$$rtentry$$0000000C)
    __rt_exit                                0x080001e5   Thumb Code     0  rtexit.o(.ARM.Collect$$rtexit$$00000000)
    __rt_exit_ls                             0x080001e7   Thumb Code     0  rtexit2.o(.ARM.Collect$$rtexit$$00000003)
    __rt_exit_prels_1                        0x080001e7   Thumb Code     0  rtexit2.o(.ARM.Collect$$rtexit$$00000002)
    __rt_exit_exit                           0x080001eb   Thumb Code     0  rtexit2.o(.ARM.Collect$$rtexit$$00000004)
    main                                     0x080001f1   Thumb Code  1332  main.o(.text)
    NMI_Handler                              0x08000735   Thumb Code     2  stm32f10x_it.o(.text)
    HardFault_Handler                        0x08000737   Thumb Code     4  stm32f10x_it.o(.text)
    MemManage_Handler                        0x0800073b   Thumb Code     4  stm32f10x_it.o(.text)
    BusFault_Handler                         0x0800073f   Thumb Code     4  stm32f10x_it.o(.text)
    UsageFault_Handler                       0x08000743   Thumb Code     4  stm32f10x_it.o(.text)
    SVC_Handler                              0x08000747   Thumb Code     2  stm32f10x_it.o(.text)
    DebugMon_Handler                         0x08000749   Thumb Code     2  stm32f10x_it.o(.text)
    PendSV_Handler                           0x0800074b   Thumb Code     2  stm32f10x_it.o(.text)
    SysTick_Handler                          0x0800074d   Thumb Code     2  stm32f10x_it.o(.text)
    SystemInit                               0x0800082f   Thumb Code    78  system_stm32f10x.o(.text)
    SystemCoreClockUpdate                    0x0800087d   Thumb Code   142  system_stm32f10x.o(.text)
    LED_Init                                 0x08000931   Thumb Code    72  led.o(.text)
    LCD_WR_REG                               0x08000981   Thumb Code    28  lcd.o(.text)
    LCD_WR_DATAX                             0x0800099d   Thumb Code    28  lcd.o(.text)
    LCD_RD_DATA                              0x080009b9   Thumb Code    98  lcd.o(.text)
    LCD_WriteReg                             0x08000a1b   Thumb Code    40  lcd.o(.text)
    LCD_ReadReg                              0x08000a43   Thumb Code    16  lcd.o(.text)
    LCD_WriteRAM_Prepare                     0x08000a53   Thumb Code    12  lcd.o(.text)
    LCD_WriteRAM                             0x08000a5f   Thumb Code    28  lcd.o(.text)
    LCD_BGR2RGB                              0x08000a7b   Thumb Code    26  lcd.o(.text)
    opt_delay                                0x08000a95   Thumb Code    14  lcd.o(.text)
    LCD_SetCursor                            0x08000aa3   Thumb Code   956  lcd.o(.text)
    LCD_ReadPoint                            0x08000e5f   Thumb Code   506  lcd.o(.text)
    LCD_DisplayOn                            0x08001059   Thumb Code    92  lcd.o(.text)
    LCD_DisplayOff                           0x080010b5   Thumb Code    90  lcd.o(.text)
    LCD_Scan_Dir                             0x0800110f   Thumb Code  1126  lcd.o(.text)
    LCD_DrawPoint                            0x08001575   Thumb Code    52  lcd.o(.text)
    LCD_Fast_DrawPoint                       0x080015a9   Thumb Code   854  lcd.o(.text)
    LCD_SSD_BackLightSet                     0x080018ff   Thumb Code   220  lcd.o(.text)
    LCD_Display_Dir                          0x080019db   Thumb Code   444  lcd.o(.text)
    LCD_Set_Window                           0x08001b97   Thumb Code  1078  lcd.o(.text)
    LCD_Clear                                0x08001fcd   Thumb Code   122  lcd.o(.text)
    LCD_Init                                 0x08002047   Thumb Code 15298  lcd.o(.text)
    LCD_Fill                                 0x08005c09   Thumb Code   200  lcd.o(.text)
    LCD_Color_Fill                           0x08005cd1   Thumb Code   116  lcd.o(.text)
    LCD_DrawLine                             0x08005d45   Thumb Code   176  lcd.o(.text)
    LCD_DrawRectangle                        0x08005df5   Thumb Code    60  lcd.o(.text)
    LCD_Draw_Circle                          0x08005e31   Thumb Code   152  lcd.o(.text)
    LCD_ShowChar                             0x08005ec9   Thumb Code   272  lcd.o(.text)
    LCD_Pow                                  0x08005fd9   Thumb Code    22  lcd.o(.text)
    LCD_ShowNum                              0x08005fef   Thumb Code   180  lcd.o(.text)
    LCD_ShowxNum                             0x080060a3   Thumb Code   190  lcd.o(.text)
    LCD_ShowString                           0x08006161   Thumb Code   102  lcd.o(.text)
    Adc_Init                                 0x080061c9   Thumb Code   132  adc.o(.text)
    Get_Adc                                  0x0800624d   Thumb Code    46  adc.o(.text)
    Get_Adc_Average                          0x0800627b   Thumb Code    46  adc.o(.text)
    KEY_Init                                 0x080062b1   Thumb Code    82  key.o(.text)
    KEY_Scan                                 0x08006303   Thumb Code   154  key.o(.text)
    Dac1_Init                                0x080063ad   Thumb Code    94  dac.o(.text)
    Dac1_Set_Vol                             0x0800640b   Thumb Code    80  dac.o(.text)
    delay_init                               0x08006469   Thumb Code    50  delay.o(.text)
    delay_us                                 0x0800649b   Thumb Code    72  delay.o(.text)
    delay_ms                                 0x080064e3   Thumb Code    72  delay.o(.text)
    _sys_exit                                0x0800653d   Thumb Code     6  usart.o(.text)
    fputc                                    0x08006543   Thumb Code    24  usart.o(.text)
    uart_init                                0x0800655b   Thumb Code   152  usart.o(.text)
    USART1_IRQHandler                        0x080065f3   Thumb Code   122  usart.o(.text)
    Reset_Handler                            0x0800667d   Thumb Code     8  startup_stm32f10x_hd.o(.text)
    ADC1_2_IRQHandler                        0x08006697   Thumb Code     0  startup_stm32f10x_hd.o(.text)
    ADC3_IRQHandler                          0x08006697   Thumb Code     0  startup_stm32f10x_hd.o(.text)
    CAN1_RX1_IRQHandler                      0x08006697   Thumb Code     0  startup_stm32f10x_hd.o(.text)
    CAN1_SCE_IRQHandler                      0x08006697   Thumb Code     0  startup_stm32f10x_hd.o(.text)
    DMA1_Channel1_IRQHandler                 0x08006697   Thumb Code     0  startup_stm32f10x_hd.o(.text)
    DMA1_Channel2_IRQHandler                 0x08006697   Thumb Code     0  startup_stm32f10x_hd.o(.text)
    DMA1_Channel3_IRQHandler                 0x08006697   Thumb Code     0  startup_stm32f10x_hd.o(.text)
    DMA1_Channel4_IRQHandler                 0x08006697   Thumb Code     0  startup_stm32f10x_hd.o(.text)
    DMA1_Channel5_IRQHandler                 0x08006697   Thumb Code     0  startup_stm32f10x_hd.o(.text)
    DMA1_Channel6_IRQHandler                 0x08006697   Thumb Code     0  startup_stm32f10x_hd.o(.text)
    DMA1_Channel7_IRQHandler                 0x08006697   Thumb Code     0  startup_stm32f10x_hd.o(.text)
    DMA2_Channel1_IRQHandler                 0x08006697   Thumb Code     0  startup_stm32f10x_hd.o(.text)
    DMA2_Channel2_IRQHandler                 0x08006697   Thumb Code     0  startup_stm32f10x_hd.o(.text)
    DMA2_Channel3_IRQHandler                 0x08006697   Thumb Code     0  startup_stm32f10x_hd.o(.text)
    DMA2_Channel4_5_IRQHandler               0x08006697   Thumb Code     0  startup_stm32f10x_hd.o(.text)
    EXTI0_IRQHandler                         0x08006697   Thumb Code     0  startup_stm32f10x_hd.o(.text)
    EXTI15_10_IRQHandler                     0x08006697   Thumb Code     0  startup_stm32f10x_hd.o(.text)
    EXTI1_IRQHandler                         0x08006697   Thumb Code     0  startup_stm32f10x_hd.o(.text)
    EXTI2_IRQHandler                         0x08006697   Thumb Code     0  startup_stm32f10x_hd.o(.text)
    EXTI3_IRQHandler                         0x08006697   Thumb Code     0  startup_stm32f10x_hd.o(.text)
    EXTI4_IRQHandler                         0x08006697   Thumb Code     0  startup_stm32f10x_hd.o(.text)
    EXTI9_5_IRQHandler                       0x08006697   Thumb Code     0  startup_stm32f10x_hd.o(.text)
    FLASH_IRQHandler                         0x08006697   Thumb Code     0  startup_stm32f10x_hd.o(.text)
    FSMC_IRQHandler                          0x08006697   Thumb Code     0  startup_stm32f10x_hd.o(.text)
    I2C1_ER_IRQHandler                       0x08006697   Thumb Code     0  startup_stm32f10x_hd.o(.text)
    I2C1_EV_IRQHandler                       0x08006697   Thumb Code     0  startup_stm32f10x_hd.o(.text)
    I2C2_ER_IRQHandler                       0x08006697   Thumb Code     0  startup_stm32f10x_hd.o(.text)
    I2C2_EV_IRQHandler                       0x08006697   Thumb Code     0  startup_stm32f10x_hd.o(.text)
    PVD_IRQHandler                           0x08006697   Thumb Code     0  startup_stm32f10x_hd.o(.text)
    RCC_IRQHandler                           0x08006697   Thumb Code     0  startup_stm32f10x_hd.o(.text)
    RTCAlarm_IRQHandler                      0x08006697   Thumb Code     0  startup_stm32f10x_hd.o(.text)
    RTC_IRQHandler                           0x08006697   Thumb Code     0  startup_stm32f10x_hd.o(.text)
    SDIO_IRQHandler                          0x08006697   Thumb Code     0  startup_stm32f10x_hd.o(.text)
    SPI1_IRQHandler                          0x08006697   Thumb Code     0  startup_stm32f10x_hd.o(.text)
    SPI2_IRQHandler                          0x08006697   Thumb Code     0  startup_stm32f10x_hd.o(.text)
    SPI3_IRQHandler                          0x08006697   Thumb Code     0  startup_stm32f10x_hd.o(.text)
    TAMPER_IRQHandler                        0x08006697   Thumb Code     0  startup_stm32f10x_hd.o(.text)
    TIM1_BRK_IRQHandler                      0x08006697   Thumb Code     0  startup_stm32f10x_hd.o(.text)
    TIM1_CC_IRQHandler                       0x08006697   Thumb Code     0  startup_stm32f10x_hd.o(.text)
    TIM1_TRG_COM_IRQHandler                  0x08006697   Thumb Code     0  startup_stm32f10x_hd.o(.text)
    TIM1_UP_IRQHandler                       0x08006697   Thumb Code     0  startup_stm32f10x_hd.o(.text)
    TIM2_IRQHandler                          0x08006697   Thumb Code     0  startup_stm32f10x_hd.o(.text)
    TIM3_IRQHandler                          0x08006697   Thumb Code     0  startup_stm32f10x_hd.o(.text)
    TIM4_IRQHandler                          0x08006697   Thumb Code     0  startup_stm32f10x_hd.o(.text)
    TIM5_IRQHandler                          0x08006697   Thumb Code     0  startup_stm32f10x_hd.o(.text)
    TIM6_IRQHandler                          0x08006697   Thumb Code     0  startup_stm32f10x_hd.o(.text)
    TIM7_IRQHandler                          0x08006697   Thumb Code     0  startup_stm32f10x_hd.o(.text)
    TIM8_BRK_IRQHandler                      0x08006697   Thumb Code     0  startup_stm32f10x_hd.o(.text)
    TIM8_CC_IRQHandler                       0x08006697   Thumb Code     0  startup_stm32f10x_hd.o(.text)
    TIM8_TRG_COM_IRQHandler                  0x08006697   Thumb Code     0  startup_stm32f10x_hd.o(.text)
    TIM8_UP_IRQHandler                       0x08006697   Thumb Code     0  startup_stm32f10x_hd.o(.text)
    UART4_IRQHandler                         0x08006697   Thumb Code     0  startup_stm32f10x_hd.o(.text)
    UART5_IRQHandler                         0x08006697   Thumb Code     0  startup_stm32f10x_hd.o(.text)
    USART2_IRQHandler                        0x08006697   Thumb Code     0  startup_stm32f10x_hd.o(.text)
    USART3_IRQHandler                        0x08006697   Thumb Code     0  startup_stm32f10x_hd.o(.text)
    USBWakeUp_IRQHandler                     0x08006697   Thumb Code     0  startup_stm32f10x_hd.o(.text)
    USB_HP_CAN1_TX_IRQHandler                0x08006697   Thumb Code     0  startup_stm32f10x_hd.o(.text)
    USB_LP_CAN1_RX0_IRQHandler               0x08006697   Thumb Code     0  startup_stm32f10x_hd.o(.text)
    WWDG_IRQHandler                          0x08006697   Thumb Code     0  startup_stm32f10x_hd.o(.text)
    __user_initial_stackheap                 0x08006699   Thumb Code     0  startup_stm32f10x_hd.o(.text)
    GPIO_DeInit                              0x080066bd   Thumb Code   172  stm32f10x_gpio.o(.text)
    GPIO_AFIODeInit                          0x08006769   Thumb Code    20  stm32f10x_gpio.o(.text)
    GPIO_Init                                0x0800677d   Thumb Code   278  stm32f10x_gpio.o(.text)
    GPIO_StructInit                          0x08006893   Thumb Code    16  stm32f10x_gpio.o(.text)
    GPIO_ReadInputDataBit                    0x080068a3   Thumb Code    18  stm32f10x_gpio.o(.text)
    GPIO_ReadInputData                       0x080068b5   Thumb Code     8  stm32f10x_gpio.o(.text)
    GPIO_ReadOutputDataBit                   0x080068bd   Thumb Code    18  stm32f10x_gpio.o(.text)
    GPIO_ReadOutputData                      0x080068cf   Thumb Code     8  stm32f10x_gpio.o(.text)
    GPIO_SetBits                             0x080068d7   Thumb Code     4  stm32f10x_gpio.o(.text)
    GPIO_ResetBits                           0x080068db   Thumb Code     4  stm32f10x_gpio.o(.text)
    GPIO_WriteBit                            0x080068df   Thumb Code    10  stm32f10x_gpio.o(.text)
    GPIO_Write                               0x080068e9   Thumb Code     4  stm32f10x_gpio.o(.text)
    GPIO_PinLockConfig                       0x080068ed   Thumb Code    18  stm32f10x_gpio.o(.text)
    GPIO_EventOutputConfig                   0x080068ff   Thumb Code    26  stm32f10x_gpio.o(.text)
    GPIO_EventOutputCmd                      0x08006919   Thumb Code     6  stm32f10x_gpio.o(.text)
    GPIO_PinRemapConfig                      0x0800691f   Thumb Code   138  stm32f10x_gpio.o(.text)
    GPIO_EXTILineConfig                      0x080069a9   Thumb Code    66  stm32f10x_gpio.o(.text)
    GPIO_ETH_MediaInterfaceConfig            0x080069eb   Thumb Code     8  stm32f10x_gpio.o(.text)
    RCC_DeInit                               0x08006a19   Thumb Code    64  stm32f10x_rcc.o(.text)
    RCC_HSEConfig                            0x08006a59   Thumb Code    70  stm32f10x_rcc.o(.text)
    RCC_GetFlagStatus                        0x08006a9f   Thumb Code    56  stm32f10x_rcc.o(.text)
    RCC_WaitForHSEStartUp                    0x08006ad7   Thumb Code    56  stm32f10x_rcc.o(.text)
    RCC_AdjustHSICalibrationValue            0x08006b0f   Thumb Code    20  stm32f10x_rcc.o(.text)
    RCC_HSICmd                               0x08006b23   Thumb Code     6  stm32f10x_rcc.o(.text)
    RCC_PLLConfig                            0x08006b29   Thumb Code    24  stm32f10x_rcc.o(.text)
    RCC_PLLCmd                               0x08006b41   Thumb Code     6  stm32f10x_rcc.o(.text)
    RCC_SYSCLKConfig                         0x08006b47   Thumb Code    18  stm32f10x_rcc.o(.text)
    RCC_GetSYSCLKSource                      0x08006b59   Thumb Code    10  stm32f10x_rcc.o(.text)
    RCC_HCLKConfig                           0x08006b63   Thumb Code    18  stm32f10x_rcc.o(.text)
    RCC_PCLK1Config                          0x08006b75   Thumb Code    18  stm32f10x_rcc.o(.text)
    RCC_PCLK2Config                          0x08006b87   Thumb Code    20  stm32f10x_rcc.o(.text)
    RCC_ITConfig                             0x08006b9b   Thumb Code    26  stm32f10x_rcc.o(.text)
    RCC_USBCLKConfig                         0x08006bb5   Thumb Code     8  stm32f10x_rcc.o(.text)
    RCC_ADCCLKConfig                         0x08006bbd   Thumb Code    18  stm32f10x_rcc.o(.text)
    RCC_LSEConfig                            0x08006bcf   Thumb Code    50  stm32f10x_rcc.o(.text)
    RCC_LSICmd                               0x08006c01   Thumb Code     6  stm32f10x_rcc.o(.text)
    RCC_RTCCLKConfig                         0x08006c07   Thumb Code    12  stm32f10x_rcc.o(.text)
    RCC_RTCCLKCmd                            0x08006c13   Thumb Code     8  stm32f10x_rcc.o(.text)
    RCC_GetClocksFreq                        0x08006c1b   Thumb Code   192  stm32f10x_rcc.o(.text)
    RCC_AHBPeriphClockCmd                    0x08006cdb   Thumb Code    26  stm32f10x_rcc.o(.text)
    RCC_APB2PeriphClockCmd                   0x08006cf5   Thumb Code    26  stm32f10x_rcc.o(.text)
    RCC_APB1PeriphClockCmd                   0x08006d0f   Thumb Code    26  stm32f10x_rcc.o(.text)
    RCC_APB2PeriphResetCmd                   0x08006d29   Thumb Code    26  stm32f10x_rcc.o(.text)
    RCC_APB1PeriphResetCmd                   0x08006d43   Thumb Code    26  stm32f10x_rcc.o(.text)
    RCC_BackupResetCmd                       0x08006d5d   Thumb Code     8  stm32f10x_rcc.o(.text)
    RCC_ClockSecuritySystemCmd               0x08006d65   Thumb Code     6  stm32f10x_rcc.o(.text)
    RCC_MCOConfig                            0x08006d6b   Thumb Code     6  stm32f10x_rcc.o(.text)
    RCC_ClearFlag                            0x08006d71   Thumb Code    14  stm32f10x_rcc.o(.text)
    RCC_GetITStatus                          0x08006d7f   Thumb Code    20  stm32f10x_rcc.o(.text)
    RCC_ClearITPendingBit                    0x08006d93   Thumb Code     6  stm32f10x_rcc.o(.text)
    USART_DeInit                             0x08006dbd   Thumb Code   134  stm32f10x_usart.o(.text)
    USART_Init                               0x08006e43   Thumb Code   210  stm32f10x_usart.o(.text)
    USART_StructInit                         0x08006f15   Thumb Code    24  stm32f10x_usart.o(.text)
    USART_ClockInit                          0x08006f2d   Thumb Code    34  stm32f10x_usart.o(.text)
    USART_ClockStructInit                    0x08006f4f   Thumb Code    12  stm32f10x_usart.o(.text)
    USART_Cmd                                0x08006f5b   Thumb Code    24  stm32f10x_usart.o(.text)
    USART_ITConfig                           0x08006f73   Thumb Code    74  stm32f10x_usart.o(.text)
    USART_DMACmd                             0x08006fbd   Thumb Code    18  stm32f10x_usart.o(.text)
    USART_SetAddress                         0x08006fcf   Thumb Code    18  stm32f10x_usart.o(.text)
    USART_WakeUpConfig                       0x08006fe1   Thumb Code    18  stm32f10x_usart.o(.text)
    USART_ReceiverWakeUpCmd                  0x08006ff3   Thumb Code    24  stm32f10x_usart.o(.text)
    USART_LINBreakDetectLengthConfig         0x0800700b   Thumb Code    18  stm32f10x_usart.o(.text)
    USART_LINCmd                             0x0800701d   Thumb Code    24  stm32f10x_usart.o(.text)
    USART_SendData                           0x08007035   Thumb Code     8  stm32f10x_usart.o(.text)
    USART_ReceiveData                        0x0800703d   Thumb Code    10  stm32f10x_usart.o(.text)
    USART_SendBreak                          0x08007047   Thumb Code    10  stm32f10x_usart.o(.text)
    USART_SetGuardTime                       0x08007051   Thumb Code    16  stm32f10x_usart.o(.text)
    USART_SetPrescaler                       0x08007061   Thumb Code    16  stm32f10x_usart.o(.text)
    USART_SmartCardCmd                       0x08007071   Thumb Code    24  stm32f10x_usart.o(.text)
    USART_SmartCardNACKCmd                   0x08007089   Thumb Code    24  stm32f10x_usart.o(.text)
    USART_HalfDuplexCmd                      0x080070a1   Thumb Code    24  stm32f10x_usart.o(.text)
    USART_OverSampling8Cmd                   0x080070b9   Thumb Code    22  stm32f10x_usart.o(.text)
    USART_OneBitMethodCmd                    0x080070cf   Thumb Code    24  stm32f10x_usart.o(.text)
    USART_IrDAConfig                         0x080070e7   Thumb Code    18  stm32f10x_usart.o(.text)
    USART_IrDACmd                            0x080070f9   Thumb Code    24  stm32f10x_usart.o(.text)
    USART_GetFlagStatus                      0x08007111   Thumb Code    26  stm32f10x_usart.o(.text)
    USART_ClearFlag                          0x0800712b   Thumb Code    18  stm32f10x_usart.o(.text)
    USART_GetITStatus                        0x0800713d   Thumb Code    84  stm32f10x_usart.o(.text)
    USART_ClearITPendingBit                  0x08007191   Thumb Code    52  stm32f10x_usart.o(.text)
    NVIC_PriorityGroupConfig                 0x080071c5   Thumb Code    10  misc.o(.text)
    NVIC_Init                                0x080071cf   Thumb Code   100  misc.o(.text)
    NVIC_SetVectorTable                      0x08007233   Thumb Code    14  misc.o(.text)
    NVIC_SystemLPConfig                      0x08007241   Thumb Code    34  misc.o(.text)
    SysTick_CLKSourceConfig                  0x08007263   Thumb Code    40  misc.o(.text)
    ADC_DeInit                               0x080072a1   Thumb Code    78  stm32f10x_adc.o(.text)
    ADC_Init                                 0x080072ef   Thumb Code    70  stm32f10x_adc.o(.text)
    ADC_StructInit                           0x08007335   Thumb Code    18  stm32f10x_adc.o(.text)
    ADC_Cmd                                  0x08007347   Thumb Code    22  stm32f10x_adc.o(.text)
    ADC_DMACmd                               0x0800735d   Thumb Code    22  stm32f10x_adc.o(.text)
    ADC_ITConfig                             0x08007373   Thumb Code    24  stm32f10x_adc.o(.text)
    ADC_ResetCalibration                     0x0800738b   Thumb Code    10  stm32f10x_adc.o(.text)
    ADC_GetResetCalibrationStatus            0x08007395   Thumb Code    20  stm32f10x_adc.o(.text)
    ADC_StartCalibration                     0x080073a9   Thumb Code    10  stm32f10x_adc.o(.text)
    ADC_GetCalibrationStatus                 0x080073b3   Thumb Code    20  stm32f10x_adc.o(.text)
    ADC_SoftwareStartConvCmd                 0x080073c7   Thumb Code    22  stm32f10x_adc.o(.text)
    ADC_GetSoftwareStartConvStatus           0x080073dd   Thumb Code    20  stm32f10x_adc.o(.text)
    ADC_DiscModeChannelCountConfig           0x080073f1   Thumb Code    24  stm32f10x_adc.o(.text)
    ADC_DiscModeCmd                          0x08007409   Thumb Code    22  stm32f10x_adc.o(.text)
    ADC_RegularChannelConfig                 0x0800741f   Thumb Code   184  stm32f10x_adc.o(.text)
    ADC_ExternalTrigConvCmd                  0x080074d7   Thumb Code    22  stm32f10x_adc.o(.text)
    ADC_GetConversionValue                   0x080074ed   Thumb Code     8  stm32f10x_adc.o(.text)
    ADC_GetDualModeConversionValue           0x080074f5   Thumb Code     8  stm32f10x_adc.o(.text)
    ADC_AutoInjectedConvCmd                  0x080074fd   Thumb Code    22  stm32f10x_adc.o(.text)
    ADC_InjectedDiscModeCmd                  0x08007513   Thumb Code    22  stm32f10x_adc.o(.text)
    ADC_ExternalTrigInjectedConvConfig       0x08007529   Thumb Code    16  stm32f10x_adc.o(.text)
    ADC_ExternalTrigInjectedConvCmd          0x08007539   Thumb Code    22  stm32f10x_adc.o(.text)
    ADC_SoftwareStartInjectedConvCmd         0x0800754f   Thumb Code    22  stm32f10x_adc.o(.text)
    ADC_GetSoftwareStartInjectedConvCmdStatus 0x08007565   Thumb Code    20  stm32f10x_adc.o(.text)
    ADC_InjectedChannelConfig                0x08007579   Thumb Code   130  stm32f10x_adc.o(.text)
    ADC_InjectedSequencerLengthConfig        0x080075fb   Thumb Code    24  stm32f10x_adc.o(.text)
    ADC_SetInjectedOffset                    0x08007613   Thumb Code    20  stm32f10x_adc.o(.text)
    ADC_GetInjectedConversionValue           0x08007627   Thumb Code    28  stm32f10x_adc.o(.text)
    ADC_AnalogWatchdogCmd                    0x08007643   Thumb Code    16  stm32f10x_adc.o(.text)
    ADC_AnalogWatchdogThresholdsConfig       0x08007653   Thumb Code     6  stm32f10x_adc.o(.text)
    ADC_AnalogWatchdogSingleChannelConfig    0x08007659   Thumb Code    16  stm32f10x_adc.o(.text)
    ADC_TempSensorVrefintCmd                 0x08007669   Thumb Code    64  stm32f10x_adc.o(.text)
    ADC_GetFlagStatus                        0x080076a9   Thumb Code    18  stm32f10x_adc.o(.text)
    ADC_ClearFlag                            0x080076bb   Thumb Code     6  stm32f10x_adc.o(.text)
    ADC_GetITStatus                          0x080076c1   Thumb Code    36  stm32f10x_adc.o(.text)
    ADC_ClearITPendingBit                    0x080076e5   Thumb Code    10  stm32f10x_adc.o(.text)
    DAC_DeInit                               0x080076f1   Thumb Code    22  stm32f10x_dac.o(.text)
    DAC_Init                                 0x08007707   Thumb Code    46  stm32f10x_dac.o(.text)
    DAC_StructInit                           0x08007735   Thumb Code    12  stm32f10x_dac.o(.text)
    DAC_Cmd                                  0x08007741   Thumb Code    34  stm32f10x_dac.o(.text)
    DAC_DMACmd                               0x08007763   Thumb Code    38  stm32f10x_dac.o(.text)
    DAC_SoftwareTriggerCmd                   0x08007789   Thumb Code    48  stm32f10x_dac.o(.text)
    DAC_DualSoftwareTriggerCmd               0x080077b9   Thumb Code    38  stm32f10x_dac.o(.text)
    DAC_WaveGenerationCmd                    0x080077df   Thumb Code    36  stm32f10x_dac.o(.text)
    DAC_SetChannel1Data                      0x08007803   Thumb Code    26  stm32f10x_dac.o(.text)
    DAC_SetChannel2Data                      0x0800781d   Thumb Code    26  stm32f10x_dac.o(.text)
    DAC_SetDualChannelData                   0x08007837   Thumb Code    32  stm32f10x_dac.o(.text)
    DAC_GetDataOutputValue                   0x08007857   Thumb Code    32  stm32f10x_dac.o(.text)
    __use_no_semihosting                     0x0800787d   Thumb Code     2  use_no_semi_2.o(.text)
    __2printf                                0x08007881   Thumb Code    20  noretval__2printf.o(.text)
    _printf_int_dec                          0x08007899   Thumb Code   104  _printf_dec.o(.text)
    _printf_int_hex                          0x08007911   Thumb Code    84  _printf_hex_int.o(.text)
    _printf_longlong_hex                     0x08007911   Thumb Code     0  _printf_hex_int.o(.text)
    __printf                                 0x08007969   Thumb Code   184  __printf_ss.o(.text)
    __use_two_region_memory                  0x08007a21   Thumb Code     2  heapauxi.o(.text)
    __rt_heap_escrow$2region                 0x08007a23   Thumb Code     2  heapauxi.o(.text)
    __rt_heap_expand$2region                 0x08007a25   Thumb Code     2  heapauxi.o(.text)
    __I$use$semihosting                      0x08007a27   Thumb Code     0  use_no_semi.o(.text)
    __use_no_semihosting_swi                 0x08007a27   Thumb Code     2  use_no_semi.o(.text)
    __read_errno                             0x08007a29   Thumb Code    10  _rserrno.o(.text)
    __set_errno                              0x08007a33   Thumb Code    12  _rserrno.o(.text)
    _printf_int_common                       0x08007a3f   Thumb Code   178  _printf_intcommon.o(.text)
    __lib_sel_fp_printf                      0x08007af1   Thumb Code     2  _printf_fp_dec.o(.text)
    _printf_fp_dec_real                      0x08007ca3   Thumb Code   620  _printf_fp_dec.o(.text)
    _printf_char_file                        0x08007f11   Thumb Code    32  _printf_char_file.o(.text)
    __rt_locale                              0x08007f35   Thumb Code     8  rt_locale_intlibspace.o(.text)
    __aeabi_errno_addr                       0x08007f3d   Thumb Code     8  rt_errno_addr_intlibspace.o(.text)
    __errno$intlibspace                      0x08007f3d   Thumb Code     0  rt_errno_addr_intlibspace.o(.text)
    __rt_errno_addr$intlibspace              0x08007f3d   Thumb Code     0  rt_errno_addr_intlibspace.o(.text)
    _ll_udiv10                               0x08007f45   Thumb Code   138  lludiv10.o(.text)
    _printf_char_common                      0x08007fdb   Thumb Code    32  _printf_char_common.o(.text)
    _printf_fp_infnan                        0x08008001   Thumb Code   112  _printf_fp_infnan.o(.text)
    _btod_etento                             0x08008081   Thumb Code   224  bigflt0.o(.text)
    ferror                                   0x08008165   Thumb Code     8  ferror.o(.text)
    __user_libspace                          0x0800816d   Thumb Code     8  libspace.o(.text)
    __user_perproc_libspace                  0x0800816d   Thumb Code     0  libspace.o(.text)
    __user_perthread_libspace                0x0800816d   Thumb Code     0  libspace.o(.text)
    __user_setup_stackheap                   0x08008175   Thumb Code    74  sys_stackheap_outer.o(.text)
    exit                                     0x080081bf   Thumb Code    18  exit.o(.text)
    strcmp                                   0x080081d1   Thumb Code   128  strcmpv7m.o(.text)
    _btod_d2e                                0x08008251   Thumb Code    62  btod.o(CL$$btod_d2e)
    _d2e_denorm_low                          0x0800828f   Thumb Code    70  btod.o(CL$$btod_d2e_denorm_low)
    _d2e_norm_op1                            0x080082d5   Thumb Code    96  btod.o(CL$$btod_d2e_norm_op1)
    __btod_div_common                        0x08008335   Thumb Code   696  btod.o(CL$$btod_div_common)
    _e2e                                     0x0800866d   Thumb Code   220  btod.o(CL$$btod_e2e)
    _btod_ediv                               0x08008749   Thumb Code    42  btod.o(CL$$btod_ediv)
    _btod_emul                               0x08008773   Thumb Code    42  btod.o(CL$$btod_emul)
    __btod_mult_common                       0x0800879d   Thumb Code   580  btod.o(CL$$btod_mult_common)
    __ARM_fpclassify                         0x080089e1   Thumb Code    40  fpclassify.o(i.__ARM_fpclassify)
    __kernel_poly                            0x08008a09   Thumb Code   170  poly.o(i.__kernel_poly)
    __mathlib_dbl_divzero                    0x08008ab5   Thumb Code    12  dunder.o(i.__mathlib_dbl_divzero)
    __mathlib_dbl_infnan2                    0x08008ac5   Thumb Code     4  dunder.o(i.__mathlib_dbl_infnan2)
    __mathlib_dbl_invalid                    0x08008ac9   Thumb Code    12  dunder.o(i.__mathlib_dbl_invalid)
    __mathlib_dbl_overflow                   0x08008ad5   Thumb Code    14  dunder.o(i.__mathlib_dbl_overflow)
    __mathlib_dbl_underflow                  0x08008ae5   Thumb Code    10  dunder.o(i.__mathlib_dbl_underflow)
    pow                                      0x08008af5   Thumb Code  2512  pow.o(i.pow)
    sqrt                                     0x080094cd   Thumb Code    76  sqrt.o(i.sqrt)
    _get_lc_numeric                          0x08009519   Thumb Code    44  lc_numeric_c.o(locale$$code)
    __aeabi_d2f                              0x08009545   Thumb Code     0  d2f.o(x$fpl$d2f)
    _d2f                                     0x08009545   Thumb Code    98  d2f.o(x$fpl$d2f)
    __aeabi_dadd                             0x080095a9   Thumb Code     0  daddsub_clz.o(x$fpl$dadd)
    _dadd                                    0x080095a9   Thumb Code   332  daddsub_clz.o(x$fpl$dadd)
    __fpl_dcheck_NaN1                        0x080096f9   Thumb Code    10  dcheck1.o(x$fpl$dcheck1)
    __fpl_dcmp_Inf                           0x08009709   Thumb Code    24  dcmpi.o(x$fpl$dcmpinf)
    __aeabi_ddiv                             0x08009721   Thumb Code     0  ddiv.o(x$fpl$ddiv)
    _ddiv                                    0x08009721   Thumb Code   552  ddiv.o(x$fpl$ddiv)
    __aeabi_d2iz                             0x080099d1   Thumb Code     0  dfix.o(x$fpl$dfix)
    _dfix                                    0x080099d1   Thumb Code    94  dfix.o(x$fpl$dfix)
    __aeabi_d2uiz                            0x08009a31   Thumb Code     0  dfixu.o(x$fpl$dfixu)
    _dfixu                                   0x08009a31   Thumb Code    90  dfixu.o(x$fpl$dfixu)
    __aeabi_i2d                              0x08009a8b   Thumb Code     0  dflt_clz.o(x$fpl$dflt)
    _dflt                                    0x08009a8b   Thumb Code    46  dflt_clz.o(x$fpl$dflt)
    __aeabi_ui2d                             0x08009ab9   Thumb Code     0  dflt_clz.o(x$fpl$dfltu)
    _dfltu                                   0x08009ab9   Thumb Code    38  dflt_clz.o(x$fpl$dfltu)
    __aeabi_cdcmple                          0x08009ae1   Thumb Code     0  dleqf.o(x$fpl$dleqf)
    _dcmple                                  0x08009ae1   Thumb Code   120  dleqf.o(x$fpl$dleqf)
    __fpl_dcmple_InfNaN                      0x08009b43   Thumb Code     0  dleqf.o(x$fpl$dleqf)
    __aeabi_dmul                             0x08009b59   Thumb Code     0  dmul.o(x$fpl$dmul)
    _dmul                                    0x08009b59   Thumb Code   332  dmul.o(x$fpl$dmul)
    __fpl_dnaninf                            0x08009cad   Thumb Code   156  dnaninf.o(x$fpl$dnaninf)
    __fpl_dretinf                            0x08009d49   Thumb Code    12  dretinf.o(x$fpl$dretinf)
    __aeabi_cdrcmple                         0x08009d55   Thumb Code     0  drleqf.o(x$fpl$drleqf)
    _drcmple                                 0x08009d55   Thumb Code   108  drleqf.o(x$fpl$drleqf)
    __aeabi_drsub                            0x08009dc1   Thumb Code     0  daddsub_clz.o(x$fpl$drsb)
    _drsb                                    0x08009dc1   Thumb Code    22  daddsub_clz.o(x$fpl$drsb)
    _dsqrt                                   0x08009dd9   Thumb Code   456  dsqrt_noumaal.o(x$fpl$dsqrt)
    __aeabi_dsub                             0x08009fa5   Thumb Code     0  daddsub_clz.o(x$fpl$dsub)
    _dsub                                    0x08009fa5   Thumb Code   464  daddsub_clz.o(x$fpl$dsub)
    __aeabi_f2d                              0x0800a179   Thumb Code     0  f2d.o(x$fpl$f2d)
    _f2d                                     0x0800a179   Thumb Code    86  f2d.o(x$fpl$f2d)
    __aeabi_fadd                             0x0800a1d1   Thumb Code     0  faddsub_clz.o(x$fpl$fadd)
    _fadd                                    0x0800a1d1   Thumb Code   196  faddsub_clz.o(x$fpl$fadd)
    __aeabi_fdiv                             0x0800a295   Thumb Code     0  fdiv.o(x$fpl$fdiv)
    _fdiv                                    0x0800a295   Thumb Code   384  fdiv.o(x$fpl$fdiv)
    __aeabi_f2uiz                            0x0800a419   Thumb Code     0  ffixu.o(x$fpl$ffixu)
    _ffixu                                   0x0800a419   Thumb Code    62  ffixu.o(x$fpl$ffixu)
    __aeabi_ui2f                             0x0800a459   Thumb Code     0  fflt_clz.o(x$fpl$ffltu)
    _ffltu                                   0x0800a459   Thumb Code    38  fflt_clz.o(x$fpl$ffltu)
    __aeabi_fmul                             0x0800a481   Thumb Code     0  fmul.o(x$fpl$fmul)
    _fmul                                    0x0800a481   Thumb Code   258  fmul.o(x$fpl$fmul)
    __fpl_fnaninf                            0x0800a583   Thumb Code   140  fnaninf.o(x$fpl$fnaninf)
    __fpl_fretinf                            0x0800a60f   Thumb Code    10  fretinf.o(x$fpl$fretinf)
    __aeabi_frsub                            0x0800a619   Thumb Code     0  faddsub_clz.o(x$fpl$frsb)
    _frsb                                    0x0800a619   Thumb Code    20  faddsub_clz.o(x$fpl$frsb)
    __aeabi_fsub                             0x0800a62d   Thumb Code     0  faddsub_clz.o(x$fpl$fsub)
    _fsub                                    0x0800a62d   Thumb Code   234  faddsub_clz.o(x$fpl$fsub)
    _printf_fp_dec                           0x0800a717   Thumb Code     4  printf1.o(x$fpl$printf1)
    __fpl_return_NaN                         0x0800a71b   Thumb Code   100  retnan.o(x$fpl$retnan)
    __ARM_scalbn                             0x0800a77f   Thumb Code    92  scalbn.o(x$fpl$scalbn)
    __fpl_cmpreturn                          0x0800a7db   Thumb Code    48  trapv.o(x$fpl$trapveneer)
    __I$use$fp                               0x0800a80a   Number         0  usenofp.o(x$fpl$usenofp)
    asc2_1206                                0x0800a81c   Data        1140  lcd.o(.constdata)
    asc2_1608                                0x0800ac90   Data        1520  lcd.o(.constdata)
    asc2_2412                                0x0800b280   Data        3420  lcd.o(.constdata)
    __mathlib_zero                           0x0800c090   Data           8  qnan.o(.constdata)
    Region$$Table$$Base                      0x0800c12c   Number         0  anon$$obj.o(Region$$Table)
    Region$$Table$$Limit                     0x0800c14c   Number         0  anon$$obj.o(Region$$Table)
    SystemCoreClock                          0x20000000   Data           4  system_stm32f10x.o(.data)
    AHBPrescTable                            0x20000004   Data          16  system_stm32f10x.o(.data)
    POINT_COLOR                              0x20000014   Data           2  lcd.o(.data)
    BACK_COLOR                               0x20000016   Data           2  lcd.o(.data)
    __stdout                                 0x20000020   Data           4  usart.o(.data)
    USART_RX_STA                             0x20000024   Data           2  usart.o(.data)
    lcddev                                   0x2000003c   Data          14  lcd.o(.bss)
    USART_RX_BUF                             0x2000004a   Data         200  usart.o(.bss)
    __libspace_start                         0x20000114   Data          96  libspace.o(.bss)
    __temporary_stack_top$libspace           0x20000174   Data           0  libspace.o(.bss)



==============================================================================

Memory Map of the image

  Image Entry point : 0x08000131

  Load Region LR_IROM1 (Base: 0x08000000, Size: 0x0000c1a4, Max: 0x00040000, ABSOLUTE)

    Execution Region ER_IROM1 (Exec base: 0x08000000, Load base: 0x08000000, Size: 0x0000c168, Max: 0x00040000, ABSOLUTE)

    Exec Addr    Load Addr    Size         Type   Attr      Idx    E Section Name        Object

    0x08000000   0x08000000   0x00000130   Data   RO          343    RESET               startup_stm32f10x_hd.o
    0x08000130   0x08000130   0x00000008   Code   RO          481  * !!!main             c_w.l(__main.o)
    0x08000138   0x08000138   0x00000034   Code   RO          815    !!!scatter          c_w.l(__scatter.o)
    0x0800016c   0x0800016c   0x0000001a   Code   RO          817    !!handler_copy      c_w.l(__scatter_copy.o)
    0x08000186   0x08000186   0x00000002   PAD
    0x08000188   0x08000188   0x0000001c   Code   RO          819    !!handler_zi        c_w.l(__scatter_zi.o)
    0x080001a4   0x080001a4   0x00000000   Code   RO          478    .ARM.Collect$$_printf_percent$$00000000  c_w.l(_printf_percent.o)
    0x080001a4   0x080001a4   0x00000006   Code   RO          477    .ARM.Collect$$_printf_percent$$00000003  c_w.l(_printf_f.o)
    0x080001aa   0x080001aa   0x00000006   Code   RO          476    .ARM.Collect$$_printf_percent$$00000009  c_w.l(_printf_d.o)
    0x080001b0   0x080001b0   0x00000006   Code   RO          475    .ARM.Collect$$_printf_percent$$0000000C  c_w.l(_printf_x.o)
    0x080001b6   0x080001b6   0x00000004   Code   RO          558    .ARM.Collect$$_printf_percent$$00000017  c_w.l(_printf_percent_end.o)
    0x080001ba   0x080001ba   0x00000002   Code   RO          686    .ARM.Collect$$libinit$$00000000  c_w.l(libinit.o)
    0x080001bc   0x080001bc   0x00000000   Code   RO          688    .ARM.Collect$$libinit$$00000002  c_w.l(libinit2.o)
    0x080001bc   0x080001bc   0x00000000   Code   RO          690    .ARM.Collect$$libinit$$00000004  c_w.l(libinit2.o)
    0x080001bc   0x080001bc   0x00000000   Code   RO          693    .ARM.Collect$$libinit$$0000000A  c_w.l(libinit2.o)
    0x080001bc   0x080001bc   0x00000000   Code   RO          695    .ARM.Collect$$libinit$$0000000C  c_w.l(libinit2.o)
    0x080001bc   0x080001bc   0x00000000   Code   RO          697    .ARM.Collect$$libinit$$0000000E  c_w.l(libinit2.o)
    0x080001bc   0x080001bc   0x00000006   Code   RO          698    .ARM.Collect$$libinit$$0000000F  c_w.l(libinit2.o)
    0x080001c2   0x080001c2   0x00000000   Code   RO          700    .ARM.Collect$$libinit$$00000011  c_w.l(libinit2.o)
    0x080001c2   0x080001c2   0x00000000   Code   RO          702    .ARM.Collect$$libinit$$00000013  c_w.l(libinit2.o)
    0x080001c2   0x080001c2   0x00000000   Code   RO          704    .ARM.Collect$$libinit$$00000015  c_w.l(libinit2.o)
    0x080001c2   0x080001c2   0x0000000a   Code   RO          705    .ARM.Collect$$libinit$$00000016  c_w.l(libinit2.o)
    0x080001cc   0x080001cc   0x00000000   Code   RO          706    .ARM.Collect$$libinit$$00000017  c_w.l(libinit2.o)
    0x080001cc   0x080001cc   0x00000000   Code   RO          708    .ARM.Collect$$libinit$$00000019  c_w.l(libinit2.o)
    0x080001cc   0x080001cc   0x00000000   Code   RO          710    .ARM.Collect$$libinit$$0000001B  c_w.l(libinit2.o)
    0x080001cc   0x080001cc   0x00000000   Code   RO          712    .ARM.Collect$$libinit$$0000001D  c_w.l(libinit2.o)
    0x080001cc   0x080001cc   0x00000000   Code   RO          714    .ARM.Collect$$libinit$$0000001F  c_w.l(libinit2.o)
    0x080001cc   0x080001cc   0x00000000   Code   RO          716    .ARM.Collect$$libinit$$00000021  c_w.l(libinit2.o)
    0x080001cc   0x080001cc   0x00000000   Code   RO          718    .ARM.Collect$$libinit$$00000023  c_w.l(libinit2.o)
    0x080001cc   0x080001cc   0x00000000   Code   RO          720    .ARM.Collect$$libinit$$00000025  c_w.l(libinit2.o)
    0x080001cc   0x080001cc   0x00000000   Code   RO          724    .ARM.Collect$$libinit$$0000002C  c_w.l(libinit2.o)
    0x080001cc   0x080001cc   0x00000000   Code   RO          726    .ARM.Collect$$libinit$$0000002E  c_w.l(libinit2.o)
    0x080001cc   0x080001cc   0x00000000   Code   RO          728    .ARM.Collect$$libinit$$00000030  c_w.l(libinit2.o)
    0x080001cc   0x080001cc   0x00000000   Code   RO          730    .ARM.Collect$$libinit$$00000032  c_w.l(libinit2.o)
    0x080001cc   0x080001cc   0x00000002   Code   RO          731    .ARM.Collect$$libinit$$00000033  c_w.l(libinit2.o)
    0x080001ce   0x080001ce   0x00000002   Code   RO          765    .ARM.Collect$$libshutdown$$00000000  c_w.l(libshutdown.o)
    0x080001d0   0x080001d0   0x00000000   Code   RO          774    .ARM.Collect$$libshutdown$$00000002  c_w.l(libshutdown2.o)
    0x080001d0   0x080001d0   0x00000000   Code   RO          776    .ARM.Collect$$libshutdown$$00000004  c_w.l(libshutdown2.o)
    0x080001d0   0x080001d0   0x00000000   Code   RO          779    .ARM.Collect$$libshutdown$$00000007  c_w.l(libshutdown2.o)
    0x080001d0   0x080001d0   0x00000000   Code   RO          782    .ARM.Collect$$libshutdown$$0000000A  c_w.l(libshutdown2.o)
    0x080001d0   0x080001d0   0x00000000   Code   RO          784    .ARM.Collect$$libshutdown$$0000000C  c_w.l(libshutdown2.o)
    0x080001d0   0x080001d0   0x00000000   Code   RO          787    .ARM.Collect$$libshutdown$$0000000F  c_w.l(libshutdown2.o)
    0x080001d0   0x080001d0   0x00000002   Code   RO          788    .ARM.Collect$$libshutdown$$00000010  c_w.l(libshutdown2.o)
    0x080001d2   0x080001d2   0x00000000   Code   RO          549    .ARM.Collect$$rtentry$$00000000  c_w.l(__rtentry.o)
    0x080001d2   0x080001d2   0x00000000   Code   RO          600    .ARM.Collect$$rtentry$$00000002  c_w.l(__rtentry2.o)
    0x080001d2   0x080001d2   0x00000006   Code   RO          612    .ARM.Collect$$rtentry$$00000004  c_w.l(__rtentry4.o)
    0x080001d8   0x080001d8   0x00000000   Code   RO          602    .ARM.Collect$$rtentry$$00000009  c_w.l(__rtentry2.o)
    0x080001d8   0x080001d8   0x00000004   Code   RO          603    .ARM.Collect$$rtentry$$0000000A  c_w.l(__rtentry2.o)
    0x080001dc   0x080001dc   0x00000000   Code   RO          605    .ARM.Collect$$rtentry$$0000000C  c_w.l(__rtentry2.o)
    0x080001dc   0x080001dc   0x00000008   Code   RO          606    .ARM.Collect$$rtentry$$0000000D  c_w.l(__rtentry2.o)
    0x080001e4   0x080001e4   0x00000002   Code   RO          736    .ARM.Collect$$rtexit$$00000000  c_w.l(rtexit.o)
    0x080001e6   0x080001e6   0x00000000   Code   RO          745    .ARM.Collect$$rtexit$$00000002  c_w.l(rtexit2.o)
    0x080001e6   0x080001e6   0x00000004   Code   RO          746    .ARM.Collect$$rtexit$$00000003  c_w.l(rtexit2.o)
    0x080001ea   0x080001ea   0x00000006   Code   RO          747    .ARM.Collect$$rtexit$$00000004  c_w.l(rtexit2.o)
    0x080001f0   0x080001f0   0x00000544   Code   RO            1    .text               main.o
    0x08000734   0x08000734   0x0000001a   Code   RO          139    .text               stm32f10x_it.o
    0x0800074e   0x0800074e   0x00000002   PAD
    0x08000750   0x08000750   0x000001e0   Code   RO          180    .text               system_stm32f10x.o
    0x08000930   0x08000930   0x00000050   Code   RO          198    .text               led.o
    0x08000980   0x08000980   0x00005846   Code   RO          210    .text               lcd.o
    0x080061c6   0x080061c6   0x00000002   PAD
    0x080061c8   0x080061c8   0x000000e8   Code   RO          240    .text               adc.o
    0x080062b0   0x080062b0   0x000000fc   Code   RO          252    .text               key.o
    0x080063ac   0x080063ac   0x000000bc   Code   RO          265    .text               dac.o
    0x08006468   0x08006468   0x000000d4   Code   RO          277    .text               delay.o
    0x0800653c   0x0800653c   0x00000140   Code   RO          308    .text               usart.o
    0x0800667c   0x0800667c   0x00000040   Code   RO          344    .text               startup_stm32f10x_hd.o
    0x080066bc   0x080066bc   0x0000035c   Code   RO          348    .text               stm32f10x_gpio.o
    0x08006a18   0x08006a18   0x000003a4   Code   RO          360    .text               stm32f10x_rcc.o
    0x08006dbc   0x08006dbc   0x00000408   Code   RO          374    .text               stm32f10x_usart.o
    0x080071c4   0x080071c4   0x000000dc   Code   RO          386    .text               misc.o
    0x080072a0   0x080072a0   0x0000044e   Code   RO          398    .text               stm32f10x_adc.o
    0x080076ee   0x080076ee   0x00000002   PAD
    0x080076f0   0x080076f0   0x0000018c   Code   RO          410    .text               stm32f10x_dac.o
    0x0800787c   0x0800787c   0x00000002   Code   RO          424    .text               c_w.l(use_no_semi_2.o)
    0x0800787e   0x0800787e   0x00000002   PAD
    0x08007880   0x08007880   0x00000018   Code   RO          428    .text               c_w.l(noretval__2printf.o)
    0x08007898   0x08007898   0x00000078   Code   RO          432    .text               c_w.l(_printf_dec.o)
    0x08007910   0x08007910   0x00000058   Code   RO          437    .text               c_w.l(_printf_hex_int.o)
    0x08007968   0x08007968   0x000000b8   Code   RO          458    .text               c_w.l(__printf_ss.o)
    0x08007a20   0x08007a20   0x00000006   Code   RO          479    .text               c_w.l(heapauxi.o)
    0x08007a26   0x08007a26   0x00000002   Code   RO          547    .text               c_w.l(use_no_semi.o)
    0x08007a28   0x08007a28   0x00000016   Code   RO          550    .text               c_w.l(_rserrno.o)
    0x08007a3e   0x08007a3e   0x000000b2   Code   RO          552    .text               c_w.l(_printf_intcommon.o)
    0x08007af0   0x08007af0   0x0000041e   Code   RO          554    .text               c_w.l(_printf_fp_dec.o)
    0x08007f0e   0x08007f0e   0x00000002   PAD
    0x08007f10   0x08007f10   0x00000024   Code   RO          556    .text               c_w.l(_printf_char_file.o)
    0x08007f34   0x08007f34   0x00000008   Code   RO          617    .text               c_w.l(rt_locale_intlibspace.o)
    0x08007f3c   0x08007f3c   0x00000008   Code   RO          622    .text               c_w.l(rt_errno_addr_intlibspace.o)
    0x08007f44   0x08007f44   0x0000008a   Code   RO          624    .text               c_w.l(lludiv10.o)
    0x08007fce   0x08007fce   0x00000002   PAD
    0x08007fd0   0x08007fd0   0x00000030   Code   RO          626    .text               c_w.l(_printf_char_common.o)
    0x08008000   0x08008000   0x00000080   Code   RO          628    .text               c_w.l(_printf_fp_infnan.o)
    0x08008080   0x08008080   0x000000e4   Code   RO          630    .text               c_w.l(bigflt0.o)
    0x08008164   0x08008164   0x00000008   Code   RO          655    .text               c_w.l(ferror.o)
    0x0800816c   0x0800816c   0x00000008   Code   RO          670    .text               c_w.l(libspace.o)
    0x08008174   0x08008174   0x0000004a   Code   RO          673    .text               c_w.l(sys_stackheap_outer.o)
    0x080081be   0x080081be   0x00000012   Code   RO          677    .text               c_w.l(exit.o)
    0x080081d0   0x080081d0   0x00000080   Code   RO          679    .text               c_w.l(strcmpv7m.o)
    0x08008250   0x08008250   0x0000003e   Code   RO          633    CL$$btod_d2e        c_w.l(btod.o)
    0x0800828e   0x0800828e   0x00000046   Code   RO          635    CL$$btod_d2e_denorm_low  c_w.l(btod.o)
    0x080082d4   0x080082d4   0x00000060   Code   RO          634    CL$$btod_d2e_norm_op1  c_w.l(btod.o)
    0x08008334   0x08008334   0x00000338   Code   RO          643    CL$$btod_div_common  c_w.l(btod.o)
    0x0800866c   0x0800866c   0x000000dc   Code   RO          640    CL$$btod_e2e        c_w.l(btod.o)
    0x08008748   0x08008748   0x0000002a   Code   RO          637    CL$$btod_ediv       c_w.l(btod.o)
    0x08008772   0x08008772   0x0000002a   Code   RO          636    CL$$btod_emul       c_w.l(btod.o)
    0x0800879c   0x0800879c   0x00000244   Code   RO          642    CL$$btod_mult_common  c_w.l(btod.o)
    0x080089e0   0x080089e0   0x00000028   Code   RO          586    i.__ARM_fpclassify  m_ws.l(fpclassify.o)
    0x08008a08   0x08008a08   0x000000aa   Code   RO          588    i.__kernel_poly     m_ws.l(poly.o)
    0x08008ab2   0x08008ab2   0x00000002   PAD
    0x08008ab4   0x08008ab4   0x00000010   Code   RO          572    i.__mathlib_dbl_divzero  m_ws.l(dunder.o)
    0x08008ac4   0x08008ac4   0x00000004   Code   RO          574    i.__mathlib_dbl_infnan2  m_ws.l(dunder.o)
    0x08008ac8   0x08008ac8   0x0000000c   Code   RO          575    i.__mathlib_dbl_invalid  m_ws.l(dunder.o)
    0x08008ad4   0x08008ad4   0x0000000e   Code   RO          576    i.__mathlib_dbl_overflow  m_ws.l(dunder.o)
    0x08008ae2   0x08008ae2   0x00000002   PAD
    0x08008ae4   0x08008ae4   0x00000010   Code   RO          578    i.__mathlib_dbl_underflow  m_ws.l(dunder.o)
    0x08008af4   0x08008af4   0x000009d8   Code   RO          538    i.pow               m_ws.l(pow.o)
    0x080094cc   0x080094cc   0x0000004c   Code   RO          592    i.sqrt              m_ws.l(sqrt.o)
    0x08009518   0x08009518   0x0000002c   Code   RO          660    locale$$code        c_w.l(lc_numeric_c.o)
    0x08009544   0x08009544   0x00000062   Code   RO          483    x$fpl$d2f           fz_ws.l(d2f.o)
    0x080095a6   0x080095a6   0x00000002   PAD
    0x080095a8   0x080095a8   0x00000150   Code   RO          485    x$fpl$dadd          fz_ws.l(daddsub_clz.o)
    0x080096f8   0x080096f8   0x00000010   Code   RO          662    x$fpl$dcheck1       fz_ws.l(dcheck1.o)
    0x08009708   0x08009708   0x00000018   Code   RO          732    x$fpl$dcmpinf       fz_ws.l(dcmpi.o)
    0x08009720   0x08009720   0x000002b0   Code   RO          492    x$fpl$ddiv          fz_ws.l(ddiv.o)
    0x080099d0   0x080099d0   0x0000005e   Code   RO          495    x$fpl$dfix          fz_ws.l(dfix.o)
    0x08009a2e   0x08009a2e   0x00000002   PAD
    0x08009a30   0x08009a30   0x0000005a   Code   RO          499    x$fpl$dfixu         fz_ws.l(dfixu.o)
    0x08009a8a   0x08009a8a   0x0000002e   Code   RO          504    x$fpl$dflt          fz_ws.l(dflt_clz.o)
    0x08009ab8   0x08009ab8   0x00000026   Code   RO          503    x$fpl$dfltu         fz_ws.l(dflt_clz.o)
    0x08009ade   0x08009ade   0x00000002   PAD
    0x08009ae0   0x08009ae0   0x00000078   Code   RO          664    x$fpl$dleqf         fz_ws.l(dleqf.o)
    0x08009b58   0x08009b58   0x00000154   Code   RO          509    x$fpl$dmul          fz_ws.l(dmul.o)
    0x08009cac   0x08009cac   0x0000009c   Code   RO          559    x$fpl$dnaninf       fz_ws.l(dnaninf.o)
    0x08009d48   0x08009d48   0x0000000c   Code   RO          561    x$fpl$dretinf       fz_ws.l(dretinf.o)
    0x08009d54   0x08009d54   0x0000006c   Code   RO          563    x$fpl$drleqf        fz_ws.l(drleqf.o)
    0x08009dc0   0x08009dc0   0x00000016   Code   RO          486    x$fpl$drsb          fz_ws.l(daddsub_clz.o)
    0x08009dd6   0x08009dd6   0x00000002   PAD
    0x08009dd8   0x08009dd8   0x000001cc   Code   RO          666    x$fpl$dsqrt         fz_ws.l(dsqrt_noumaal.o)
    0x08009fa4   0x08009fa4   0x000001d4   Code   RO          487    x$fpl$dsub          fz_ws.l(daddsub_clz.o)
    0x0800a178   0x0800a178   0x00000056   Code   RO          511    x$fpl$f2d           fz_ws.l(f2d.o)
    0x0800a1ce   0x0800a1ce   0x00000002   PAD
    0x0800a1d0   0x0800a1d0   0x000000c4   Code   RO          513    x$fpl$fadd          fz_ws.l(faddsub_clz.o)
    0x0800a294   0x0800a294   0x00000184   Code   RO          520    x$fpl$fdiv          fz_ws.l(fdiv.o)
    0x0800a418   0x0800a418   0x0000003e   Code   RO          523    x$fpl$ffixu         fz_ws.l(ffixu.o)
    0x0800a456   0x0800a456   0x00000002   PAD
    0x0800a458   0x0800a458   0x00000026   Code   RO          527    x$fpl$ffltu         fz_ws.l(fflt_clz.o)
    0x0800a47e   0x0800a47e   0x00000002   PAD
    0x0800a480   0x0800a480   0x00000102   Code   RO          533    x$fpl$fmul          fz_ws.l(fmul.o)
    0x0800a582   0x0800a582   0x0000008c   Code   RO          565    x$fpl$fnaninf       fz_ws.l(fnaninf.o)
    0x0800a60e   0x0800a60e   0x0000000a   Code   RO          567    x$fpl$fretinf       fz_ws.l(fretinf.o)
    0x0800a618   0x0800a618   0x00000014   Code   RO          514    x$fpl$frsb          fz_ws.l(faddsub_clz.o)
    0x0800a62c   0x0800a62c   0x000000ea   Code   RO          515    x$fpl$fsub          fz_ws.l(faddsub_clz.o)
    0x0800a716   0x0800a716   0x00000004   Code   RO          535    x$fpl$printf1       fz_ws.l(printf1.o)
    0x0800a71a   0x0800a71a   0x00000064   Code   RO          734    x$fpl$retnan        fz_ws.l(retnan.o)
    0x0800a77e   0x0800a77e   0x0000005c   Code   RO          569    x$fpl$scalbn        fz_ws.l(scalbn.o)
    0x0800a7da   0x0800a7da   0x00000030   Code   RO          742    x$fpl$trapveneer    fz_ws.l(trapv.o)
    0x0800a80a   0x0800a80a   0x00000000   Code   RO          571    x$fpl$usenofp       fz_ws.l(usenofp.o)
    0x0800a80a   0x0800a80a   0x00000002   PAD
    0x0800a80c   0x0800a80c   0x00000010   Data   RO            2    .constdata          main.o
    0x0800a81c   0x0800a81c   0x000017c0   Data   RO          212    .constdata          lcd.o
    0x0800bfdc   0x0800bfdc   0x00000028   Data   RO          438    .constdata          c_w.l(_printf_hex_int.o)
    0x0800c004   0x0800c004   0x00000004   PAD
    0x0800c008   0x0800c008   0x00000088   Data   RO          539    .constdata          m_ws.l(pow.o)
    0x0800c090   0x0800c090   0x00000008   Data   RO          590    .constdata          m_ws.l(qnan.o)
    0x0800c098   0x0800c098   0x00000094   Data   RO          631    .constdata          c_w.l(bigflt0.o)
    0x0800c12c   0x0800c12c   0x00000020   Data   RO          813    Region$$Table       anon$$obj.o
    0x0800c14c   0x0800c14c   0x0000001c   Data   RO          659    locale$$data        c_w.l(lc_numeric_c.o)


    Execution Region RW_IRAM1 (Exec base: 0x20000000, Load base: 0x0800c168, Size: 0x00000778, Max: 0x0000c000, ABSOLUTE)

    Exec Addr    Load Addr    Size         Type   Attr      Idx    E Section Name        Object

    0x20000000   0x0800c168   0x00000014   Data   RW          181    .data               system_stm32f10x.o
    0x20000014   0x0800c17c   0x00000004   Data   RW          213    .data               lcd.o
    0x20000018   0x0800c180   0x00000001   Data   RW          253    .data               key.o
    0x20000019   0x0800c181   0x00000001   PAD
    0x2000001a   0x0800c182   0x00000004   Data   RW          278    .data               delay.o
    0x2000001e   0x0800c186   0x00000002   PAD
    0x20000020   0x0800c188   0x00000006   Data   RW          310    .data               usart.o
    0x20000026   0x0800c18e   0x00000014   Data   RW          361    .data               stm32f10x_rcc.o
    0x2000003a   0x0800c1a2   0x00000002   PAD
    0x2000003c        -       0x0000000e   Zero   RW          211    .bss                lcd.o
    0x2000004a        -       0x000000c8   Zero   RW          309    .bss                usart.o
    0x20000112   0x0800c1a2   0x00000002   PAD
    0x20000114        -       0x00000060   Zero   RW          671    .bss                c_w.l(libspace.o)
    0x20000174   0x0800c1a2   0x00000004   PAD
    0x20000178        -       0x00000200   Zero   RW          342    HEAP                startup_stm32f10x_hd.o
    0x20000378        -       0x00000400   Zero   RW          341    STACK               startup_stm32f10x_hd.o


==============================================================================

Image component sizes


      Code (inc. data)   RO Data    RW Data    ZI Data      Debug   Object Name

       232          8          0          0          0       1107   adc.o
       188         14          0          0          0        793   dac.o
       212         18          0          4          0       1051   delay.o
       252         16          0          1          0        840   key.o
     22598        208       6080          4         14      25031   lcd.o
        80          8          0          0          0        499   led.o
      1348        244         16          0          0     247327   main.o
       220         22          0          0          0       1809   misc.o
        64         26        304          0       1536        800   startup_stm32f10x_hd.o
      1102         26          0          0          0      11049   stm32f10x_adc.o
       396          6          0          0          0       3666   stm32f10x_dac.o
       860         38          0          0          0       5741   stm32f10x_gpio.o
        26          0          0          0          0       1182   stm32f10x_it.o
       932         36          0         20          0       8920   stm32f10x_rcc.o
      1032         22          0          0          0       8464   stm32f10x_usart.o
         0          0          0          0          0         32   sys.o
       480         38          0         20          0       1751   system_stm32f10x.o
       320         16          0          6        200       3182   usart.o

    ----------------------------------------------------------------------
     30348        746       6432         60       1752     323244   Object Totals
         0          0         32          0          0          0   (incl. Generated)
         6          0          0          5          2          0   (incl. Padding)

    ----------------------------------------------------------------------

      Code (inc. data)   RO Data    RW Data    ZI Data      Debug   Library Member Name

         8          0          0          0          0         68   __main.o
       184          0          0          0          0         84   __printf_ss.o
         0          0          0          0          0          0   __rtentry.o
        12          0          0          0          0          0   __rtentry2.o
         6          0          0          0          0          0   __rtentry4.o
        52          8          0          0          0          0   __scatter.o
        26          0          0          0          0          0   __scatter_copy.o
        28          0          0          0          0          0   __scatter_zi.o
        48          6          0          0          0         96   _printf_char_common.o
        36          4          0          0          0         80   _printf_char_file.o
         6          0          0          0          0          0   _printf_d.o
       120         16          0          0          0         92   _printf_dec.o
         6          0          0          0          0          0   _printf_f.o
      1054          0          0          0          0        216   _printf_fp_dec.o
       128         16          0          0          0         84   _printf_fp_infnan.o
        88          4         40          0          0         88   _printf_hex_int.o
       178          0          0          0          0         88   _printf_intcommon.o
         0          0          0          0          0          0   _printf_percent.o
         4          0          0          0          0          0   _printf_percent_end.o
         6          0          0          0          0          0   _printf_x.o
        22          0          0          0          0        100   _rserrno.o
       228          4        148          0          0         96   bigflt0.o
      1936        128          0          0          0        672   btod.o
        18          0          0          0          0         80   exit.o
         8          0          0          0          0         68   ferror.o
         6          0          0          0          0        152   heapauxi.o
        44         10         28          0          0         76   lc_numeric_c.o
         2          0          0          0          0          0   libinit.o
        18          0          0          0          0          0   libinit2.o
         2          0          0          0          0          0   libshutdown.o
         2          0          0          0          0          0   libshutdown2.o
         8          4          0          0         96         68   libspace.o
       138          0          0          0          0         80   lludiv10.o
        24          4          0          0          0         84   noretval__2printf.o
         8          4          0          0          0         68   rt_errno_addr_intlibspace.o
         8          4          0          0          0         68   rt_locale_intlibspace.o
         2          0          0          0          0          0   rtexit.o
        10          0          0          0          0          0   rtexit2.o
       128          0          0          0          0         68   strcmpv7m.o
        74          0          0          0          0         80   sys_stackheap_outer.o
         2          0          0          0          0         68   use_no_semi.o
         2          0          0          0          0         68   use_no_semi_2.o
        98          4          0          0          0         92   d2f.o
       826         16          0          0          0        348   daddsub_clz.o
        16          4          0          0          0         68   dcheck1.o
        24          0          0          0          0         68   dcmpi.o
       688        140          0          0          0        208   ddiv.o
        94          4          0          0          0         92   dfix.o
        90          4          0          0          0         92   dfixu.o
        84          0          0          0          0        136   dflt_clz.o
       120          4          0          0          0         92   dleqf.o
       340         12          0          0          0        104   dmul.o
       156          4          0          0          0         92   dnaninf.o
        12          0          0          0          0         68   dretinf.o
       108          0          0          0          0         80   drleqf.o
       460         56          0          0          0        120   dsqrt_noumaal.o
        86          4          0          0          0         84   f2d.o
       450          8          0          0          0        236   faddsub_clz.o
       388         76          0          0          0         96   fdiv.o
        62          4          0          0          0         84   ffixu.o
        38          0          0          0          0         68   fflt_clz.o
       258          4          0          0          0         84   fmul.o
       140          4          0          0          0         84   fnaninf.o
        10          0          0          0          0         68   fretinf.o
         4          0          0          0          0         68   printf1.o
       100          0          0          0          0         68   retnan.o
        92          0          0          0          0         68   scalbn.o
        48          0          0          0          0         68   trapv.o
         0          0          0          0          0          0   usenofp.o
        62         10          0          0          0        340   dunder.o
        40          0          0          0          0         68   fpclassify.o
       170          0          0          0          0         96   poly.o
      2520        190        136          0          0        324   pow.o
         0          0          8          0          0          0   qnan.o
        76          0          0          0          0         84   sqrt.o

    ----------------------------------------------------------------------
     12368        760        364          0        100       6440   Library Totals
        28          0          4          0          4          0   (incl. Padding)

    ----------------------------------------------------------------------

      Code (inc. data)   RO Data    RW Data    ZI Data      Debug   Library Name

      4680        212        216          0         96       2792   c_w.l
      4792        348          0          0          0       2736   fz_ws.l
      2868        200        144          0          0        912   m_ws.l

    ----------------------------------------------------------------------
     12368        760        364          0        100       6440   Library Totals

    ----------------------------------------------------------------------

==============================================================================


      Code (inc. data)   RO Data    RW Data    ZI Data      Debug   

     42716       1506       6796         60       1852     324740   Grand Totals
     42716       1506       6796         60       1852     324740   ELF Image Totals
     42716       1506       6796         60          0          0   ROM Totals

==============================================================================

    Total RO  Size (Code + RO Data)                49512 (  48.35kB)
    Total RW  Size (RW Data + ZI Data)              1912 (   1.87kB)
    Total ROM Size (Code + RO Data + RW Data)      49572 (  48.41kB)

==============================================================================

